Component: ARM Compiler 5.06 update 2 (build 183) Tool: armlink [4d35b7]

==============================================================================

Section Cross References

    queue.o(i.prvCopyDataFromQueue) refers to memcpya.o(.text) for __aeabi_memcpy
    queue.o(i.prvCopyDataToQueue) refers to memcpya.o(.text) for __aeabi_memcpy
    queue.o(i.prvCopyDataToQueue) refers to tasks.o(i.xTaskPriorityDisinherit) for xTaskPriorityDisinherit
    queue.o(i.prvUnlockQueue) refers to port.o(i.vPortEnterCritical) for vPortEnterCritical
    queue.o(i.prvUnlockQueue) refers to tasks.o(i.xTaskRemoveFromEventList) for xTaskRemoveFromEventList
    queue.o(i.prvUnlockQueue) refers to tasks.o(i.vTaskMissedYield) for vTaskMissedYield
    queue.o(i.prvUnlockQueue) refers to port.o(i.vPortExitCritical) for vPortExitCritical
    queue.o(i.uxQueueMessagesWaiting) refers to port.o(i.vPortEnterCritical) for vPortEnterCritical
    queue.o(i.uxQueueMessagesWaiting) refers to port.o(i.vPortExitCritical) for vPortExitCritical
    queue.o(i.uxQueueSpacesAvailable) refers to port.o(i.vPortEnterCritical) for vPortEnterCritical
    queue.o(i.uxQueueSpacesAvailable) refers to port.o(i.vPortExitCritical) for vPortExitCritical
    queue.o(i.vQueueAddToRegistry) refers to queue.o(.bss) for .bss
    queue.o(i.vQueueDelete) refers to queue.o(i.vQueueUnregisterQueue) for vQueueUnregisterQueue
    queue.o(i.vQueueDelete) refers to heap_4.o(i.vPortFree) for vPortFree
    queue.o(i.vQueueUnregisterQueue) refers to queue.o(.bss) for .bss
    queue.o(i.vQueueWaitForMessageRestricted) refers to port.o(i.vPortEnterCritical) for vPortEnterCritical
    queue.o(i.vQueueWaitForMessageRestricted) refers to port.o(i.vPortExitCritical) for vPortExitCritical
    queue.o(i.vQueueWaitForMessageRestricted) refers to tasks.o(i.vTaskPlaceOnEventListRestricted) for vTaskPlaceOnEventListRestricted
    queue.o(i.vQueueWaitForMessageRestricted) refers to queue.o(i.prvUnlockQueue) for prvUnlockQueue
    queue.o(i.xQueueCreateCountingSemaphore) refers to queue.o(i.xQueueGenericCreate) for xQueueGenericCreate
    queue.o(i.xQueueCreateMutex) refers to heap_4.o(i.pvPortMalloc) for pvPortMalloc
    queue.o(i.xQueueCreateMutex) refers to list.o(i.vListInitialise) for vListInitialise
    queue.o(i.xQueueCreateMutex) refers to queue.o(i.xQueueGenericSend) for xQueueGenericSend
    queue.o(i.xQueueGenericCreate) refers to heap_4.o(i.pvPortMalloc) for pvPortMalloc
    queue.o(i.xQueueGenericCreate) refers to queue.o(i.xQueueGenericReset) for xQueueGenericReset
    queue.o(i.xQueueGenericReceive) refers to tasks.o(i.xTaskGetSchedulerState) for xTaskGetSchedulerState
    queue.o(i.xQueueGenericReceive) refers to port.o(i.vPortEnterCritical) for vPortEnterCritical
    queue.o(i.xQueueGenericReceive) refers to queue.o(i.prvCopyDataFromQueue) for prvCopyDataFromQueue
    queue.o(i.xQueueGenericReceive) refers to tasks.o(i.xTaskRemoveFromEventList) for xTaskRemoveFromEventList
    queue.o(i.xQueueGenericReceive) refers to port.o(i.vPortExitCritical) for vPortExitCritical
    queue.o(i.xQueueGenericReceive) refers to tasks.o(i.pvTaskIncrementMutexHeldCount) for pvTaskIncrementMutexHeldCount
    queue.o(i.xQueueGenericReceive) refers to tasks.o(i.vTaskSetTimeOutState) for vTaskSetTimeOutState
    queue.o(i.xQueueGenericReceive) refers to tasks.o(i.vTaskSuspendAll) for vTaskSuspendAll
    queue.o(i.xQueueGenericReceive) refers to tasks.o(i.xTaskCheckForTimeOut) for xTaskCheckForTimeOut
    queue.o(i.xQueueGenericReceive) refers to queue.o(i.prvUnlockQueue) for prvUnlockQueue
    queue.o(i.xQueueGenericReceive) refers to tasks.o(i.xTaskResumeAll) for xTaskResumeAll
    queue.o(i.xQueueGenericReceive) refers to tasks.o(i.vTaskPriorityInherit) for vTaskPriorityInherit
    queue.o(i.xQueueGenericReceive) refers to tasks.o(i.vTaskPlaceOnEventList) for vTaskPlaceOnEventList
    queue.o(i.xQueueGenericReset) refers to port.o(i.vPortEnterCritical) for vPortEnterCritical
    queue.o(i.xQueueGenericReset) refers to list.o(i.vListInitialise) for vListInitialise
    queue.o(i.xQueueGenericReset) refers to port.o(i.vPortExitCritical) for vPortExitCritical
    queue.o(i.xQueueGenericReset) refers to tasks.o(i.xTaskRemoveFromEventList) for xTaskRemoveFromEventList
    queue.o(i.xQueueGenericSend) refers to tasks.o(i.xTaskGetSchedulerState) for xTaskGetSchedulerState
    queue.o(i.xQueueGenericSend) refers to port.o(i.vPortEnterCritical) for vPortEnterCritical
    queue.o(i.xQueueGenericSend) refers to queue.o(i.prvCopyDataToQueue) for prvCopyDataToQueue
    queue.o(i.xQueueGenericSend) refers to tasks.o(i.xTaskRemoveFromEventList) for xTaskRemoveFromEventList
    queue.o(i.xQueueGenericSend) refers to port.o(i.vPortExitCritical) for vPortExitCritical
    queue.o(i.xQueueGenericSend) refers to tasks.o(i.vTaskSetTimeOutState) for vTaskSetTimeOutState
    queue.o(i.xQueueGenericSend) refers to tasks.o(i.vTaskSuspendAll) for vTaskSuspendAll
[...]
    client_socket_init                       0x08002f85   Thumb Code   122  client_socket.o(i.client_socket_init)
    dhcp_arp_reply                           0x080030ad   Thumb Code    30  dhcp.o(i.dhcp_arp_reply)
    dhcp_coarse_tmr                          0x080031d5   Thumb Code   172  dhcp.o(i.dhcp_coarse_tmr)
    dhcp_fine_tmr                            0x0800351d   Thumb Code    46  dhcp.o(i.dhcp_fine_tmr)
    dhcp_network_changed                     0x08003551   Thumb Code    48  dhcp.o(i.dhcp_network_changed)
    dhcp_release                             0x08003779   Thumb Code   158  dhcp.o(i.dhcp_release)
    dhcp_renew                               0x0800381d   Thumb Code   136  dhcp.o(i.dhcp_renew)
    dhcp_supplied_address                    0x080039a9   Thumb Code    24  dhcp.o(i.dhcp_supplied_address)
    etharp_cleanup_netif                     0x08003bdd   Thumb Code    42  etharp.o(i.etharp_cleanup_netif)
    etharp_output                            0x08003d25   Thumb Code   238  etharp.o(i.etharp_output)
    etharp_query                             0x08003e7d   Thumb Code   226  etharp.o(i.etharp_query)
    etharp_request                           0x08004009   Thumb Code     6  etharp.o(i.etharp_request)
    etharp_tmr                               0x08004055   Thumb Code    92  etharp.o(i.etharp_tmr)
    ethernet_input                           0x08004135   Thumb Code   144  etharp.o(i.ethernet_input)
    ethernetif_init                          0x080041c9   Thumb Code    30  ethernetif.o(i.ethernetif_init)
    ethernetif_notify_conn_changed           0x08004225   Thumb Code    18  ethernetif.o(i.ethernetif_notify_conn_changed)
    ethernetif_set_link                      0x08004265   Thumb Code    44  ethernetif.o(i.ethernetif_set_link)
    ethernetif_update_config                 0x08004295   Thumb Code   170  ethernetif.o(i.ethernetif_update_config)
    fputc                                    0x0800444d   Thumb Code    20  main.o(i.fputc)
    free                                     0x08004465   Thumb Code    76  malloc.o(i.free)
    icmp_dest_unreach                        0x080044fd   Thumb Code     8  icmp.o(i.icmp_dest_unreach)
    icmp_input                               0x08004505   Thumb Code   240  icmp.o(i.icmp_input)
    inet_chksum_pbuf                         0x08004671   Thumb Code    72  inet_chksum.o(i.inet_chksum_pbuf)
    ip4_addr_isbroadcast_u32                 0x080046b9   Thumb Code    46  ip4_addr.o(i.ip4_addr_isbroadcast_u32)
    ip4_input                                0x080046e9   Thumb Code   380  ip4.o(i.ip4_input)
    ip4_output_if                            0x0800486d   Thumb Code    30  ip4.o(i.ip4_output_if)
    ip4_output_if_src                        0x0800488d   Thumb Code   138  ip4.o(i.ip4_output_if_src)
    ip4_route                                0x08004921   Thumb Code    82  ip4.o(i.ip4_route)
    ip4addr_aton                             0x0800497d   Thumb Code   282  ip4_addr.o(i.ip4addr_aton)
    ip_input                                 0x08004a97   Thumb Code     4  ip4.o(i.ip_input)
    ipaddr_addr                              0x08004a9b   Thumb Code    20  ip4_addr.o(i.ipaddr_addr)
    lwip_close                               0x08004d25   Thumb Code    86  sockets.o(i.lwip_close)
    lwip_connect                             0x08004d81   Thumb Code   112  sockets.o(i.lwip_connect)
    lwip_htonl                               0x08004df5   Thumb Code     4  def.o(i.lwip_htonl)
    lwip_htons                               0x08004df9   Thumb Code     4  def.o(i.lwip_htons)
    lwip_init                                0x08004dfd   Thumb Code    34  init.o(i.lwip_init)
    lwip_netconn_do_close                    0x08004e1f   Thumb Code   106  api_msg.o(i.lwip_netconn_do_close)
    lwip_netconn_do_connect                  0x08004fe1   Thumb Code   158  api_msg.o(i.lwip_netconn_do_connect)
    lwip_netconn_do_delconn                  0x080050ed   Thumb Code   164  api_msg.o(i.lwip_netconn_do_delconn)
    lwip_netconn_do_disconnect               0x08005191   Thumb Code    60  api_msg.o(i.lwip_netconn_do_disconnect)
    lwip_netconn_do_getaddr                  0x080051cd   Thumb Code   124  api_msg.o(i.lwip_netconn_do_getaddr)
    lwip_netconn_do_newconn                  0x08005249   Thumb Code    50  api_msg.o(i.lwip_netconn_do_newconn)
    lwip_netconn_do_recv                     0x0800527b   Thumb Code   102  api_msg.o(i.lwip_netconn_do_recv)
    lwip_netconn_do_send                     0x080052e1   Thumb Code    98  api_msg.o(i.lwip_netconn_do_send)
    lwip_netconn_do_write                    0x08005343   Thumb Code    90  api_msg.o(i.lwip_netconn_do_write)
    lwip_ntohl                               0x080054cb   Thumb Code     4  def.o(i.lwip_ntohl)
    lwip_ntohs                               0x080054cf   Thumb Code     4  def.o(i.lwip_ntohs)
    lwip_read                                0x080054d3   Thumb Code    14  sockets.o(i.lwip_read)
    lwip_recvfrom                            0x080054e1   Thumb Code   502  sockets.o(i.lwip_recvfrom)
    lwip_send                                0x080056dd   Thumb Code   130  sockets.o(i.lwip_send)
    lwip_sendto                              0x08005765   Thumb Code   190  sockets.o(i.lwip_sendto)
    lwip_socket                              0x08005829   Thumb Code   122  sockets.o(i.lwip_socket)
    lwip_standard_chksum                     0x080058a9   Thumb Code    92  inet_chksum.o(i.lwip_standard_chksum)
    lwip_write                               0x08005905   Thumb Code     6  sockets.o(i.lwip_write)
    main                                     0x0800590d   Thumb Code   210  main.o(i.main)
    malloc                                   0x080059fd   Thumb Code    92  malloc.o(i.malloc)
    mem_free                                 0x08005a69   Thumb Code    64  mem.o(i.mem_free)
    mem_init                                 0x08005aad   Thumb Code    52  mem.o(i.mem_init)
    mem_malloc                               0x08005ae9   Thumb Code   208  mem.o(i.mem_malloc)
    mem_trim                                 0x08005bbd   Thumb Code   224  mem.o(i.mem_trim)
    memp_free                                0x08005ca1   Thumb Code    16  memp.o(i.memp_free)
    memp_init                                0x08005cb5   Thumb Code    34  memp.o(i.memp_init)
    memp_init_pool                           0x08005cdd   Thumb Code    42  memp.o(i.memp_init_pool)
    memp_malloc                              0x08005d09   Thumb Code    18  memp.o(i.memp_malloc)
    memp_malloc_pool                         0x08005d21   Thumb Code    14  memp.o(i.memp_malloc_pool)
    netbuf_delete                            0x08005d2f   Thumb Code    34  netbuf.o(i.netbuf_delete)
    netbuf_free                              0x08005d51   Thumb Code    22  netbuf.o(i.netbuf_free)
    netbuf_ref                               0x08005d67   Thumb Code    64  netbuf.o(i.netbuf_ref)
    netconn_alloc                            0x08005da7   Thumb Code   114  api_msg.o(i.netconn_alloc)
    netconn_connect                          0x08005e45   Thumb Code    34  api_lib.o(i.netconn_connect)
    netconn_delete                           0x08005e6d   Thumb Code    42  api_lib.o(i.netconn_delete)
    netconn_disconnect                       0x08005e9d   Thumb Code    28  api_lib.o(i.netconn_disconnect)
    netconn_free                             0x08005f5b   Thumb Code    46  api_msg.o(i.netconn_free)
    netconn_getaddr                          0x08005f89   Thumb Code    42  api_lib.o(i.netconn_getaddr)
    netconn_new_with_proto_and_callback      0x08005fb9   Thumb Code    92  api_lib.o(i.netconn_new_with_proto_and_callback)
    netconn_recv                             0x08006019   Thumb Code   118  api_lib.o(i.netconn_recv)
    netconn_recv_tcp_pbuf                    0x08006161   Thumb Code    22  api_lib.o(i.netconn_recv_tcp_pbuf)
    netconn_recved                           0x08006179   Thumb Code    42  api_lib.o(i.netconn_recved)
    netconn_send                             0x080061a9   Thumb Code    30  api_lib.o(i.netconn_send)
    netconn_write_partly                     0x080061cd   Thumb Code   100  api_lib.o(i.netconn_write_partly)
    netif_add                                0x08006235   Thumb Code    82  netif.o(i.netif_add)
    netif_init                               0x0800628d   Thumb Code     2  netif.o(i.netif_init)
    netif_set_addr                           0x080062a9   Thumb Code    32  netif.o(i.netif_set_addr)
    netif_set_default                        0x080062c9   Thumb Code     6  netif.o(i.netif_set_default)
    netif_set_down                           0x080062d5   Thumb Code    26  netif.o(i.netif_set_down)
    netif_set_gw                             0x080062ef   Thumb Code     8  netif.o(i.netif_set_gw)
    netif_set_ipaddr                         0x080062f9   Thumb Code    62  netif.o(i.netif_set_ipaddr)
    netif_set_link_callback                  0x0800633d   Thumb Code     8  netif.o(i.netif_set_link_callback)
    netif_set_link_down                      0x08006345   Thumb Code    26  netif.o(i.netif_set_link_down)
    netif_set_link_up                        0x0800635f   Thumb Code    62  netif.o(i.netif_set_link_up)
    netif_set_netmask                        0x0800639d   Thumb Code     8  netif.o(i.netif_set_netmask)
    netif_set_up                             0x080063a5   Thumb Code    28  netif.o(i.netif_set_up)
    osDelay                                  0x080063c1   Thumb Code    14  cmsis_os.o(i.osDelay)
    osKernelStart                            0x080063cf   Thumb Code    10  cmsis_os.o(i.osKernelStart)
    osMailAlloc                              0x080063d9   Thumb Code    12  cmsis_os.o(i.osMailAlloc)
    osMailCreate                             0x080063e5   Thumb Code    86  cmsis_os.o(i.osMailCreate)
    osMailFree                               0x0800643b   Thumb Code    12  cmsis_os.o(i.osMailFree)
    osMailGet                                0x08006449   Thumb Code   144  cmsis_os.o(i.osMailGet)
    osMailPut                                0x080064dd   Thumb Code    88  cmsis_os.o(i.osMailPut)
    osMessageCreate                          0x08006539   Thumb Code    10  cmsis_os.o(i.osMessageCreate)
    osMessageGet                             0x08006545   Thumb Code   146  cmsis_os.o(i.osMessageGet)
    osMessagePut                             0x080065dd   Thumb Code    88  cmsis_os.o(i.osMessagePut)
    osPoolAlloc                              0x08006639   Thumb Code   110  cmsis_os.o(i.osPoolAlloc)
    osPoolCreate                             0x080066a7   Thumb Code    94  cmsis_os.o(i.osPoolCreate)
    osPoolFree                               0x08006705   Thumb Code    46  cmsis_os.o(i.osPoolFree)
    osSemaphoreCreate                        0x08006733   Thumb Code    46  cmsis_os.o(i.osSemaphoreCreate)
    osSemaphoreRelease                       0x08006761   Thumb Code    74  cmsis_os.o(i.osSemaphoreRelease)
    osSemaphoreWait                          0x080067b1   Thumb Code   102  cmsis_os.o(i.osSemaphoreWait)
    osSystickHandler                         0x0800681d   Thumb Code    20  cmsis_os.o(i.osSystickHandler)
    osThreadCreate                           0x08006831   Thumb Code    56  cmsis_os.o(i.osThreadCreate)
    osThreadTerminate                        0x08006869   Thumb Code    10  cmsis_os.o(i.osThreadTerminate)
    osTimerCreate                            0x08006875   Thumb Code    30  cmsis_os.o(i.osTimerCreate)
    osTimerStart                             0x08006899   Thumb Code    88  cmsis_os.o(i.osTimerStart)
    package_create                           0x080068f5   Thumb Code   162  tlv.o(i.package_create)
    pbuf_alloc                               0x08006997   Thumb Code   274  pbuf.o(i.pbuf_alloc)
    pbuf_cat                                 0x08006aa9   Thumb Code    40  pbuf.o(i.pbuf_cat)
    pbuf_chain                               0x08006ad1   Thumb Code    18  pbuf.o(i.pbuf_chain)
    pbuf_clen                                0x08006ae3   Thumb Code    18  pbuf.o(i.pbuf_clen)
    pbuf_copy                                0x08006af5   Thumb Code   154  pbuf.o(i.pbuf_copy)
    pbuf_copy_partial                        0x08006b8f   Thumb Code   102  pbuf.o(i.pbuf_copy_partial)
    pbuf_free                                0x08006bf5   Thumb Code    70  pbuf.o(i.pbuf_free)
    pbuf_header                              0x08006c3b   Thumb Code     6  pbuf.o(i.pbuf_header)
    pbuf_header_force                        0x08006c41   Thumb Code     6  pbuf.o(i.pbuf_header_force)
    pbuf_realloc                             0x08006cab   Thumb Code    78  pbuf.o(i.pbuf_realloc)
    pbuf_ref                                 0x08006cf9   Thumb Code    12  pbuf.o(i.pbuf_ref)
    pvPortMalloc                             0x08007389   Thumb Code   222  heap_4.o(i.pvPortMalloc)
    pvTaskIncrementMutexHeldCount            0x0800746d   Thumb Code    18  tasks.o(i.pvTaskIncrementMutexHeldCount)
    pxPortInitialiseStack                    0x08007485   Thumb Code    36  port.o(i.pxPortInitialiseStack)
    spo2_init                                0x08007901   Thumb Code    30  app_spo2.o(i.spo2_init)
    sys_arch_mbox_fetch                      0x08007925   Thumb Code    80  sys_arch.o(i.sys_arch_mbox_fetch)
    sys_arch_mbox_tryfetch                   0x08007975   Thumb Code    30  sys_arch.o(i.sys_arch_mbox_tryfetch)
    sys_arch_sem_wait                        0x08007993   Thumb Code    66  sys_arch.o(i.sys_arch_sem_wait)
    sys_init                                 0x080079d5   Thumb Code     8  sys_arch.o(i.sys_init)
    sys_mbox_free                            0x080079e1   Thumb Code    20  sys_arch.o(i.sys_mbox_free)
    sys_mbox_new                             0x080079f5   Thumb Code    28  sys_arch.o(i.sys_mbox_new)
    sys_mbox_post                            0x08007a11   Thumb Code    26  sys_arch.o(i.sys_mbox_post)
    sys_mbox_set_invalid                     0x08007a2b   Thumb Code     6  sys_arch.o(i.sys_mbox_set_invalid)
    sys_mbox_trypost                         0x08007a31   Thumb Code    28  sys_arch.o(i.sys_mbox_trypost)
    sys_mbox_valid                           0x08007a4d   Thumb Code    10  sys_arch.o(i.sys_mbox_valid)
    sys_sem_free                             0x08007a57   Thumb Code     6  sys_arch.o(i.sys_sem_free)
    sys_sem_new                              0x08007a5d   Thumb Code    58  sys_arch.o(i.sys_sem_new)
    sys_sem_set_invalid                      0x08007a97   Thumb Code     6  sys_arch.o(i.sys_sem_set_invalid)
    sys_sem_signal                           0x08007a9d   Thumb Code    12  sys_arch.o(i.sys_sem_signal)
    sys_sem_valid                            0x08007aa9   Thumb Code    10  sys_arch.o(i.sys_sem_valid)
    sys_thread_new                           0x08007ab5   Thumb Code    56  sys_arch.o(i.sys_thread_new)
    sys_timeout                              0x08007af1   Thumb Code    88  lwip_timers.o(i.sys_timeout)
    sys_timeouts_init                        0x08007b4d   Thumb Code    42  lwip_timers.o(i.sys_timeouts_init)
    sys_timeouts_mbox_fetch                  0x08007b85   Thumb Code    92  lwip_timers.o(i.sys_timeouts_mbox_fetch)
    tcp_abandon                              0x08007be5   Thumb Code   200  tcp.o(i.tcp_abandon)
    tcp_abort                                0x08007cb1   Thumb Code     6  tcp.o(i.tcp_abort)
    tcp_accept                               0x08007cb7   Thumb Code     4  tcp.o(i.tcp_accept)
    tcp_alloc                                0x08007cbd   Thumb Code   276  tcp.o(i.tcp_alloc)
    tcp_arg                                  0x08007ddd   Thumb Code     4  tcp.o(i.tcp_arg)
    tcp_close                                0x08007de1   Thumb Code    20  tcp.o(i.tcp_close)
    tcp_connect                              0x08007f35   Thumb Code   226  tcp.o(i.tcp_connect)
    tcp_eff_send_mss_impl                    0x080080b9   Thumb Code    34  tcp.o(i.tcp_eff_send_mss_impl)
    tcp_enqueue_flags                        0x080080db   Thumb Code   168  tcp_out.o(i.tcp_enqueue_flags)
    tcp_err                                  0x08008183   Thumb Code     6  tcp.o(i.tcp_err)
    tcp_fasttmr                              0x08008189   Thumb Code    90  tcp.o(i.tcp_fasttmr)
    tcp_init                                 0x08008219   Thumb Code     2  tcp.o(i.tcp_init)
    tcp_input                                0x0800821d   Thumb Code   832  tcp_in.o(i.tcp_input)
    tcp_keepalive                            0x08008575   Thumb Code    82  tcp_out.o(i.tcp_keepalive)
    tcp_netif_ipv4_addr_changed              0x080086f9   Thumb Code    66  tcp.o(i.tcp_netif_ipv4_addr_changed)
    tcp_new                                  0x08008763   Thumb Code     6  tcp.o(i.tcp_new)
    tcp_next_iss                             0x080087c5   Thumb Code    12  tcp.o(i.tcp_next_iss)
    tcp_output                               0x080087d5   Thumb Code   416  tcp_out.o(i.tcp_output)
    tcp_pcb_purge                            0x08008b89   Thumb Code   102  tcp.o(i.tcp_pcb_purge)
    tcp_pcb_remove                           0x08008bf5   Thumb Code    80  tcp.o(i.tcp_pcb_remove)
    tcp_poll                                 0x08008c45   Thumb Code    10  tcp.o(i.tcp_poll)
    tcp_process_refused_data                 0x08008fc5   Thumb Code   104  tcp.o(i.tcp_process_refused_data)
    tcp_recv                                 0x08009451   Thumb Code     4  tcp.o(i.tcp_recv)
    tcp_recv_null                            0x08009455   Thumb Code    36  tcp.o(i.tcp_recv_null)
    tcp_recved                               0x08009479   Thumb Code    68  tcp.o(i.tcp_recved)
    tcp_rexmit                               0x080094bd   Thumb Code    82  tcp_out.o(i.tcp_rexmit)
    tcp_rexmit_fast                          0x0800950f   Thumb Code    88  tcp_out.o(i.tcp_rexmit_fast)
    tcp_rexmit_rto                           0x08009567   Thumb Code    56  tcp_out.o(i.tcp_rexmit_rto)
    tcp_rst                                  0x0800959f   Thumb Code   128  tcp_out.o(i.tcp_rst)
    tcp_seg_free                             0x0800961f   Thumb Code    28  tcp.o(i.tcp_seg_free)
    tcp_segs_free                            0x0800963b   Thumb Code    18  tcp.o(i.tcp_segs_free)
    tcp_send_empty_ack                       0x0800964d   Thumb Code   114  tcp_out.o(i.tcp_send_empty_ack)
    tcp_send_fin                             0x080096bf   Thumb Code    68  tcp_out.o(i.tcp_send_fin)
    tcp_sent                                 0x08009703   Thumb Code     4  tcp.o(i.tcp_sent)
    tcp_shutdown                             0x08009707   Thumb Code    78  tcp.o(i.tcp_shutdown)
    tcp_slowtmr                              0x08009755   Thumb Code   604  tcp.o(i.tcp_slowtmr)
    tcp_timer_needed                         0x080099c1   Thumb Code    36  lwip_timers.o(i.tcp_timer_needed)
    tcp_tmr                                  0x08009a5d   Thumb Code    28  tcp.o(i.tcp_tmr)
    tcp_trigger_input_pcb_close              0x08009a7d   Thumb Code    12  tcp_in.o(i.tcp_trigger_input_pcb_close)
    tcp_update_rcv_ann_wnd                   0x08009a8d   Thumb Code    54  tcp.o(i.tcp_update_rcv_ann_wnd)
    tcp_write                                0x08009ac5   Thumb Code   770  tcp_out.o(i.tcp_write)
    tcp_zero_window_probe                    0x08009dc7   Thumb Code   156  tcp_out.o(i.tcp_zero_window_probe)
    tcpip_apimsg                             0x08009e65   Thumb Code    56  tcpip.o(i.tcpip_apimsg)
    tcpip_init                               0x08009ea1   Thumb Code    44  tcpip.o(i.tcpip_init)
    tcpip_input                              0x08009edd   Thumb Code    70  tcpip.o(i.tcpip_input)
    udp_bind                                 0x0800a319   Thumb Code   174  udp.o(i.udp_bind)
    udp_connect                              0x0800a3cd   Thumb Code    80  udp.o(i.udp_connect)
    udp_disconnect                           0x0800a421   Thumb Code    16  udp.o(i.udp_disconnect)
    udp_init                                 0x0800a431   Thumb Code     2  udp.o(i.udp_init)
    udp_input                                0x0800a435   Thumb Code   310  udp.o(i.udp_input)
    udp_netif_ipv4_addr_changed              0x0800a575   Thumb Code    42  udp.o(i.udp_netif_ipv4_addr_changed)
    udp_new                                  0x0800a5a5   Thumb Code    26  udp.o(i.udp_new)
    udp_recv                                 0x0800a5bf   Thumb Code     6  udp.o(i.udp_recv)
    udp_remove                               0x0800a5c5   Thumb Code    42  udp.o(i.udp_remove)
    udp_send                                 0x0800a5f5   Thumb Code     8  udp.o(i.udp_send)
    udp_sendto                               0x0800a5fd   Thumb Code    48  udp.o(i.udp_sendto)
    udp_sendto_if                            0x0800a62d   Thumb Code    44  udp.o(i.udp_sendto_if)
    udp_sendto_if_src                        0x0800a659   Thumb Code   158  udp.o(i.udp_sendto_if_src)
    uxListRemove                             0x0800a6f7   Thumb Code    36  list.o(i.uxListRemove)
    uxQueueMessagesWaiting                   0x0800a71b   Thumb Code    40  queue.o(i.uxQueueMessagesWaiting)
    vListInitialise                          0x0800a743   Thumb Code    22  list.o(i.vListInitialise)
    vListInitialiseItem                      0x0800a759   Thumb Code     6  list.o(i.vListInitialiseItem)
    vListInsert                              0x0800a75f   Thumb Code    48  list.o(i.vListInsert)
    vListInsertEnd                           0x0800a78f   Thumb Code    24  list.o(i.vListInsertEnd)
    vPortEnterCritical                       0x0800a7a9   Thumb Code    62  port.o(i.vPortEnterCritical)
    vPortExitCritical                        0x0800a7f1   Thumb Code    38  port.o(i.vPortExitCritical)
    vPortFree                                0x0800a81d   Thumb Code    96  heap_4.o(i.vPortFree)
    vPortSetupTimerInterrupt                 0x0800a881   Thumb Code    26  port.o(i.vPortSetupTimerInterrupt)
    vPortValidateInterruptPriority           0x0800a8a1   Thumb Code    82  port.o(i.vPortValidateInterruptPriority)
    vQueueAddToRegistry                      0x0800a8fd   Thumb Code    34  queue.o(i.vQueueAddToRegistry)
    vQueueDelete                             0x0800a925   Thumb Code    40  queue.o(i.vQueueDelete)
    vQueueUnregisterQueue                    0x0800a94d   Thumb Code    30  queue.o(i.vQueueUnregisterQueue)
    vQueueWaitForMessageRestricted           0x0800a971   Thumb Code    60  queue.o(i.vQueueWaitForMessageRestricted)
    vTaskDelay                               0x0800a9ad   Thumb Code    98  tasks.o(i.vTaskDelay)
    vTaskDelete                              0x0800aa19   Thumb Code   154  tasks.o(i.vTaskDelete)
    vTaskMissedYield                         0x0800aac1   Thumb Code     8  tasks.o(i.vTaskMissedYield)
    vTaskPlaceOnEventList                    0x0800aacd   Thumb Code    76  tasks.o(i.vTaskPlaceOnEventList)
    vTaskPlaceOnEventListRestricted          0x0800ab1d   Thumb Code    76  tasks.o(i.vTaskPlaceOnEventListRestricted)
    vTaskPriorityInherit                     0x0800ab6d   Thumb Code   128  tasks.o(i.vTaskPriorityInherit)
    vTaskSetTimeOutState                     0x0800abf5   Thumb Code    34  tasks.o(i.vTaskSetTimeOutState)
    vTaskStartScheduler                      0x0800ac1d   Thumb Code   102  tasks.o(i.vTaskStartScheduler)
    vTaskSuspendAll                          0x0800ac95   Thumb Code    10  tasks.o(i.vTaskSuspendAll)
    vTaskSwitchContext                       0x0800aca5   Thumb Code    86  tasks.o(i.vTaskSwitchContext)
    xPortStartScheduler                      0x0800ad05   Thumb Code   152  port.o(i.xPortStartScheduler)
    xPortSysTickHandler                      0x0800adad   Thumb Code    42  port.o(i.xPortSysTickHandler)
    xQueueCreateCountingSemaphore            0x0800addd   Thumb Code    84  queue.o(i.xQueueCreateCountingSemaphore)
    xQueueGenericCreate                      0x0800ae31   Thumb Code   108  queue.o(i.xQueueGenericCreate)
    xQueueGenericReceive                     0x0800ae9d   Thumb Code   372  queue.o(i.xQueueGenericReceive)
    xQueueGenericReset                       0x0800b015   Thumb Code   146  queue.o(i.xQueueGenericReset)
    xQueueGenericSend                        0x0800b0ad   Thumb Code   364  queue.o(i.xQueueGenericSend)
    xQueueGenericSendFromISR                 0x0800b21d   Thumb Code   198  queue.o(i.xQueueGenericSendFromISR)
    xQueueGiveFromISR                        0x0800b2e3   Thumb Code   172  queue.o(i.xQueueGiveFromISR)
    xQueueReceiveFromISR                     0x0800b38f   Thumb Code   154  queue.o(i.xQueueReceiveFromISR)
    xTaskCheckForTimeOut                     0x0800b429   Thumb Code   106  tasks.o(i.xTaskCheckForTimeOut)
    xTaskGenericCreate                       0x0800b499   Thumb Code   434  tasks.o(i.xTaskGenericCreate)
    xTaskGetSchedulerState                   0x0800b659   Thumb Code    22  tasks.o(i.xTaskGetSchedulerState)
    xTaskGetTickCount                        0x0800b675   Thumb Code     6  tasks.o(i.xTaskGetTickCount)
    xTaskIncrementTick                       0x0800b681   Thumb Code   198  tasks.o(i.xTaskIncrementTick)
    xTaskPriorityDisinherit                  0x0800b751   Thumb Code   158  tasks.o(i.xTaskPriorityDisinherit)
    xTaskRemoveFromEventList                 0x0800b7f9   Thumb Code   112  tasks.o(i.xTaskRemoveFromEventList)
    xTaskResumeAll                           0x0800b871   Thumb Code   186  tasks.o(i.xTaskResumeAll)
    xTimerCreate                             0x0800b939   Thumb Code    76  timers.o(i.xTimerCreate)
    xTimerCreateTimerTask                    0x0800b985   Thumb Code    64  timers.o(i.xTimerCreateTimerTask)
    xTimerGenericCommand                     0x0800b9d5   Thumb Code    96  timers.o(i.xTimerGenericCommand)
    memp_UDP_PCB                             0x0800ba38   Data          16  memp.o(.constdata)
    memp_TCP_PCB                             0x0800ba48   Data          16  memp.o(.constdata)
    memp_TCP_PCB_LISTEN                      0x0800ba58   Data          16  memp.o(.constdata)
    memp_TCP_SEG                             0x0800ba68   Data          16  memp.o(.constdata)
    memp_NETBUF                              0x0800ba78   Data          16  memp.o(.constdata)
    memp_NETCONN                             0x0800ba88   Data          16  memp.o(.constdata)
    memp_TCPIP_MSG_API                       0x0800ba98   Data          16  memp.o(.constdata)
    memp_TCPIP_MSG_INPKT                     0x0800baa8   Data          16  memp.o(.constdata)
    memp_SYS_TIMEOUT                         0x0800bab8   Data          16  memp.o(.constdata)
    memp_PBUF                                0x0800bac8   Data          16  memp.o(.constdata)
    memp_PBUF_POOL                           0x0800bad8   Data          16  memp.o(.constdata)
    tcp_persist_backoff                      0x0800bae8   Data           7  tcp.o(.constdata)
    tcp_state_str                            0x0800baf0   Data          44  tcp.o(.constdata)
    tcp_backoff                              0x0800bb1c   Data          13  tcp.o(.constdata)
    tcp_pcb_lists                            0x0800bb2c   Data          16  tcp.o(.constdata)
    ethbroadcast                             0x0800bb80   Data           6  etharp.o(.constdata)
    ethzero                                  0x0800bb86   Data           6  etharp.o(.constdata)
    ip_addr_any                              0x0800bb8c   Data           4  ip4_addr.o(.constdata)
    ip_addr_broadcast                        0x0800bb90   Data           4  ip4_addr.o(.constdata)
    AHBPrescTable                            0x0800bb94   Data          16  system_stm32f7xx.o(.constdata)
    APBPrescTable                            0x0800bba4   Data           8  system_stm32f7xx.o(.constdata)
    Region$$Table$$Base                      0x0800bdc4   Number         0  anon$$obj.o(Region$$Table)
    Region$$Table$$Limit                     0x0800bde4   Number         0  anon$$obj.o(Region$$Table)
    pxCurrentTCB                             0x20000000   Data           4  tasks.o(.data)
    memp_pools                               0x20000084   Data          44  memp.o(.data)
    netif_list                               0x200000e0   Data           4  netif.o(.data)
    netif_default                            0x200000e4   Data           4  netif.o(.data)
    tcp_active_pcbs_changed                  0x200000e8   Data           1  tcp.o(.data)
    tcp_ticks                                0x200000f4   Data           4  tcp.o(.data)
    tcp_bound_pcbs                           0x200000f8   Data           4  tcp.o(.data)
    tcp_listen_pcbs                          0x200000fc   Data           4  tcp.o(.data)
    tcp_active_pcbs                          0x20000100   Data           4  tcp.o(.data)
    tcp_tw_pcbs                              0x20000104   Data           4  tcp.o(.data)
    tcp_input_pcb                            0x20000124   Data           4  tcp_in.o(.data)
    udp_pcbs                                 0x2000012c   Data           4  udp.o(.data)
    SystemCoreClock                          0x20000154   Data           4  system_stm32f7xx.o(.data)
    uwTick                                   0x20000158   Data           4  stm32f7xx_hal.o(.data)
    current_SPEED                            0x2000015c   Data           2  main.o(.data)
    setting_sporttime                        0x20000160   Data           2  main.o(.data)
    sport_mode                               0x20000162   Data           2  main.o(.data)
    SysFlag                                  0x20000164   Data           4  main.o(.data)
    Tick1sCon                                0x20000168   Data           4  main.o(.data)
    Server_mailId                            0x2000016c   Data           4  main.o(.data)
    myTimer01Handle                          0x20000170   Data           4  main.o(.data)
    Chufang_REC_flag                         0x20000174   Data           2  main.o(.data)
    HaveRunTime                              0x20000178   Data           4  main.o(.data)
    s_xSemaphore                             0x2000017c   Data           4  ethernetif.o(.data)
    SOP2H_VALUE                              0x20000180   Data           2  lcd.o(.data)
    DQ_mailId                                0x20000188   Data           4  client_socket.o(.data)
    osQueue                                  0x2000018c   Data           4  client_socket.o(.data)
    Stop_Dev                                 0x20000190   Data           6  client_socket.o(.data)
    SpeedCtrl_Dev                            0x20000196   Data           6  client_socket.o(.data)
    INCL_Dev                                 0x2000019c   Data           6  client_socket.o(.data)
    User_ID                                  0x200001a4   Data           8  client_socket.o(.data)
    __stdout                                 0x200001b4   Data           4  stdout.o(.data)
    __microlib_freelist                      0x200001b8   Data           4  mvars.o(.data)
    __microlib_freelist_initialised          0x200001bc   Data           4  mvars.o(.data)
    xQueueRegistry                           0x200001c0   Data          64  queue.o(.bss)
    memp_memory_UDP_PCB_base                 0x20000304   Data         192  memp.o(.bss)
    memp_memory_TCP_PCB_base                 0x200003c4   Data        1480  memp.o(.bss)
    memp_memory_TCP_PCB_LISTEN_base          0x2000098c   Data         160  memp.o(.bss)
    memp_memory_TCP_SEG_base                 0x20000a2c   Data         240  memp.o(.bss)
    memp_memory_NETBUF_base                  0x20000b1c   Data          32  memp.o(.bss)
    memp_memory_NETCONN_base                 0x20000b3c   Data         176  memp.o(.bss)
    memp_memory_TCPIP_MSG_API_base           0x20000bec   Data         128  memp.o(.bss)
    memp_memory_TCPIP_MSG_INPKT_base         0x20000c6c   Data         128  memp.o(.bss)
    memp_memory_SYS_TIMEOUT_base             0x20000cec   Data         160  memp.o(.bss)
    memp_memory_PBUF_base                    0x20000d8c   Data         800  memp.o(.bss)
    ip_data                                  0x20001200   Data          24  ip4.o(.bss)
    EthHandle                                0x20001288   Data          72  ethernetif.o(.bss)
    server_msg                               0x200012d0   Data          28  client_socket.o(.bss)
    gnetif                                   0x200012ec   Data          56  client_socket.o(.bss)
    Run_info                                 0x20001324   Data          16  client_socket.o(.bss)
    SPO2_UartHandle                          0x20001334   Data         112  app_spo2.o(.bss)
    __heap_base                              0x200013a8   Data           0  startup_stm32f746xx.o(HEAP)
    __heap_limit                             0x200015a8   Data           0  startup_stm32f746xx.o(HEAP)
    __initial_sp                             0x200019a8   Data           0  startup_stm32f746xx.o(STACK)
    DMARxDscrTab                             0x20002000   Data         160  ethernetif.o(.ARM.__AT_0x20002000)
    DMATxDscrTab                             0x200020a0   Data         160  ethernetif.o(.ARM.__AT_0x200020A0)
    Rx_Buff                                  0x20002140   Data        7620  ethernetif.o(.ARM.__AT_0x20002140)
    Tx_Buff                                  0x20004480   Data        7620  ethernetif.o(.ARM.__AT_0x20004480)
    ram_heap                                 0x20038244   Data       10260  mem.o(.bss)
    memp_memory_PBUF_POOL_base               0x2003aa58   Data       15400  memp.o(.bss)



==============================================================================

Memory Map of the image

  Image Entry point : 0x080001c9

  Load Region LR_IROM1 (Base: 0x08000000, Size: 0x0000bfa4, Max: 0x00080000, ABSOLUTE, COMPRESSED[0x0000be24])

    Execution Region ER_IROM1 (Base: 0x08000000, Size: 0x0000bde4, Max: 0x00080000, ABSOLUTE)

    Base Addr    Size         Type   Attr      Idx    E Section Name        Object

    0x08000000   0x000001c8   Data   RO         6392    RESET               startup_stm32f746xx.o
    0x080001c8   0x00000000   Code   RO         6927  * .ARM.Collect$$$$00000000  mc_w.l(entry.o)
    0x080001c8   0x00000004   Code   RO         7249    .ARM.Collect$$$$00000001  mc_w.l(entry2.o)
    0x080001cc   0x00000004   Code   RO         7252    .ARM.Collect$$$$00000004  mc_w.l(entry5.o)
    0x080001d0   0x00000000   Code   RO         7254    .ARM.Collect$$$$00000008  mc_w.l(entry7b.o)
    0x080001d0   0x00000000   Code   RO         7256    .ARM.Collect$$$$0000000A  mc_w.l(entry8b.o)
    0x080001d0   0x00000008   Code   RO         7257    .ARM.Collect$$$$0000000B  mc_w.l(entry9a.o)
    0x080001d8   0x00000000   Code   RO         7259    .ARM.Collect$$$$0000000D  mc_w.l(entry10a.o)
    0x080001d8   0x00000000   Code   RO         7261    .ARM.Collect$$$$0000000F  mc_w.l(entry11a.o)
    0x080001d8   0x00000004   Code   RO         7250    .ARM.Collect$$$$00002712  mc_w.l(entry2.o)
    0x080001dc   0x000000ba   Code   RO          776    .emb_text           port.o
    0x08000296   0x00000002   PAD
    0x08000298   0x00000024   Code   RO         6393    .text               startup_stm32f746xx.o
    0x080002bc   0x00000024   Code   RO         6930    .text               mc_w.l(rand.o)
    0x080002e0   0x00000024   Code   RO         6933    .text               mc_w.l(memcpya.o)
    0x08000304   0x00000024   Code   RO         6935    .text               mc_w.l(memseta.o)
    0x08000328   0x0000001a   Code   RO         6939    .text               mc_w.l(memcmp.o)
    0x08000342   0x000000de   Code   RO         7241    .text               mf_w.l(ddiv.o)
    0x08000420   0x0000001a   Code   RO         7243    .text               mf_w.l(dfltui.o)
    0x0800043a   0x00000032   Code   RO         7245    .text               mf_w.l(dfixui.o)
    0x0800046c   0x00000030   Code   RO         7247    .text               mf_w.l(cdrcmple.o)
    0x0800049c   0x00000062   Code   RO         7266    .text               mc_w.l(uldiv.o)
    0x080004fe   0x00000020   Code   RO         7268    .text               mc_w.l(llushr.o)
    0x0800051e   0x00000000   Code   RO         7272    .text               mc_w.l(iusefp.o)
    0x0800051e   0x000000ba   Code   RO         7273    .text               mf_w.l(depilogue.o)
    0x080005d8   0x00000024   Code   RO         7281    .text               mc_w.l(init.o)
    0x080005fc   0x0000001e   Code   RO         7283    .text               mc_w.l(llshl.o)
    0x0800061a   0x00000056   Code   RO         7295    .text               mc_w.l(__dczerorl2.o)
    0x08000670   0x000000b0   Code   RO         6400    i.BSP_Config        main.o
    0x08000720   0x0000008c   Code   RO         6856    i.BSP_SPO2_Config   app_spo2.o
    0x080007ac   0x00000118   Code   RO         6906    i.BUTTON_CTL_Init   cpx_board.o
    0x080008c4   0x00000002   Code   RO         6494    i.BusFault_Handler  stm32f7xx_it.o
    0x080008c6   0x00000002   Code   RO         6495    i.DebugMon_Handler  stm32f7xx_it.o
    0x080008c8   0x0000000c   Code   RO         6572    i.ETHERNET_IRQHandler  ethernetif.o
    0x080008d4   0x0000002e   Code   RO         4439    i.ETH_FlushTransmitFIFO  stm32f7xx_hal_eth.o
    0x08000902   0x00000004   Code   RO         6496    i.ETH_IRQHandler    stm32f7xx_it.o
    0x08000906   0x00000002   PAD
    0x08000908   0x00000124   Code   RO         4440    i.ETH_MACDMAConfig  stm32f7xx_hal_eth.o
    0x08000a2c   0x00000024   Code   RO         4296    i.HAL_DMA_Abort_IT  stm32f7xx_hal_dma.o
    0x08000a50   0x00000016   Code   RO         3962    i.HAL_Delay         stm32f7xx_hal.o
    0x08000a66   0x00000002   PAD
    0x08000a68   0x00000144   Code   RO         4442    i.HAL_ETH_ConfigMAC  stm32f7xx_hal_eth.o
    0x08000bac   0x00000074   Code   RO         4443    i.HAL_ETH_DMARxDescListInit  stm32f7xx_hal_eth.o
    0x08000c20   0x00000084   Code   RO         4444    i.HAL_ETH_DMATxDescListInit  stm32f7xx_hal_eth.o
    0x08000ca4   0x00000002   Code   RO         4446    i.HAL_ETH_ErrorCallback  stm32f7xx_hal_eth.o
    0x08000ca6   0x0000008c   Code   RO         4448    i.HAL_ETH_GetReceivedFrame_IT  stm32f7xx_hal_eth.o
    0x08000d32   0x00000076   Code   RO         4450    i.HAL_ETH_IRQHandler  stm32f7xx_hal_eth.o
    0x08000da8   0x000001f0   Code   RO         4451    i.HAL_ETH_Init      stm32f7xx_hal_eth.o
    0x08000f98   0x00000118   Code   RO         6573    i.HAL_ETH_MspInit   ethernetif.o
    0x080010b0   0x00000086   Code   RO         4454    i.HAL_ETH_ReadPHYRegister  stm32f7xx_hal_eth.o
    0x08001136   0x00000002   PAD
    0x08001138   0x0000000c   Code   RO         6574    i.HAL_ETH_RxCpltCallback  ethernetif.o
    0x08001144   0x00000084   Code   RO         4456    i.HAL_ETH_Start     stm32f7xx_hal_eth.o
    0x080011c8   0x00000084   Code   RO         4457    i.HAL_ETH_Stop      stm32f7xx_hal_eth.o
    0x0800124c   0x00000112   Code   RO         4458    i.HAL_ETH_TransmitFrame  stm32f7xx_hal_eth.o
    0x0800135e   0x00000002   Code   RO         4459    i.HAL_ETH_TxCpltCallback  stm32f7xx_hal_eth.o
    0x08001360   0x0000007a   Code   RO         4460    i.HAL_ETH_WritePHYRegister  stm32f7xx_hal_eth.o
    0x080013da   0x00000002   PAD
    0x080013dc   0x000001d8   Code   RO         4772    i.HAL_GPIO_Init     stm32f7xx_hal_gpio.o
    0x080015b4   0x0000000a   Code   RO         4774    i.HAL_GPIO_ReadPin  stm32f7xx_hal_gpio.o
    0x080015be   0x00000008   Code   RO         4775    i.HAL_GPIO_TogglePin  stm32f7xx_hal_gpio.o
    0x080015c6   0x0000000a   Code   RO         4776    i.HAL_GPIO_WritePin  stm32f7xx_hal_gpio.o
    0x080015d0   0x0000000c   Code   RO         3970    i.HAL_GetTick       stm32f7xx_hal.o
    0x080015dc   0x00000010   Code   RO         3971    i.HAL_IncTick       stm32f7xx_hal.o
    0x080015ec   0x00000024   Code   RO         3972    i.HAL_Init          stm32f7xx_hal.o
    0x08001610   0x00000028   Code   RO         3973    i.HAL_InitTick      stm32f7xx_hal.o
    0x08001638   0x00000002   Code   RO         3975    i.HAL_MspInit       stm32f7xx_hal.o
    0x0800163a   0x00000016   Code   RO         4126    i.HAL_NVIC_EnableIRQ  stm32f7xx_hal_cortex.o
    0x08001650   0x00000040   Code   RO         4132    i.HAL_NVIC_SetPriority  stm32f7xx_hal_cortex.o
    0x08001690   0x00000024   Code   RO         4133    i.HAL_NVIC_SetPriorityGrouping  stm32f7xx_hal_cortex.o
    0x080016b4   0x0000006c   Code   RO         6307    i.HAL_PWREx_EnableOverDrive  stm32f7xx_hal_pwr_ex.o
    0x08001720   0x00000164   Code   RO         6040    i.HAL_RCC_ClockConfig  stm32f7xx_hal_rcc.o
    0x08001884   0x0000000c   Code   RO         6045    i.HAL_RCC_GetHCLKFreq  stm32f7xx_hal_rcc.o
    0x08001890   0x00000030   Code   RO         6047    i.HAL_RCC_GetPCLK1Freq  stm32f7xx_hal_rcc.o
    0x080018c0   0x00000030   Code   RO         6048    i.HAL_RCC_GetPCLK2Freq  stm32f7xx_hal_rcc.o
    0x080018f0   0x00000080   Code   RO         6049    i.HAL_RCC_GetSysClockFreq  stm32f7xx_hal_rcc.o
    0x08001970   0x0000033c   Code   RO         6052    i.HAL_RCC_OscConfig  stm32f7xx_hal_rcc.o
    0x08001cac   0x00000026   Code   RO         4137    i.HAL_SYSTICK_Config  stm32f7xx_hal_cortex.o
    0x08001cd2   0x00000002   Code   RO         5757    i.HAL_UART_ErrorCallback  stm32f7xx_hal_uart.o
    0x08001cd4   0x00000178   Code   RO         5760    i.HAL_UART_IRQHandler  stm32f7xx_hal_uart.o
    0x08001e4c   0x0000006a   Code   RO         5761    i.HAL_UART_Init     stm32f7xx_hal_uart.o
    0x08001eb6   0x00000002   Code   RO         5763    i.HAL_UART_MspInit  stm32f7xx_hal_uart.o
    0x08001eb8   0x0000008e   Code   RO         5766    i.HAL_UART_Receive_IT  stm32f7xx_hal_uart.o
    0x08001f46   0x00000002   Code   RO         5767    i.HAL_UART_RxCpltCallback  stm32f7xx_hal_uart.o
    0x08001f48   0x000000b6   Code   RO         5769    i.HAL_UART_Transmit  stm32f7xx_hal_uart.o
    0x08001ffe   0x00000002   Code   RO         5772    i.HAL_UART_TxCpltCallback  stm32f7xx_hal_uart.o
    0x08002000   0x00000002   Code   RO         6497    i.HardFault_Handler  stm32f7xx_it.o
    0x08002002   0x00000002   PAD
    0x08002004   0x0000013c   Code   RO         6401    i.Key_Click         main.o
    0x08002140   0x00000002   Code   RO         6498    i.MemManage_Handler  stm32f7xx_it.o
    0x08002142   0x00000002   Code   RO         6499    i.NMI_Handler       stm32f7xx_it.o
    0x08002144   0x00000022   Code   RO         4139    i.NVIC_SetPriority  stm32f7xx_hal_cortex.o
    0x08002166   0x00000002   PAD
    0x08002168   0x00000078   Code   RO         6705    i.Netif_Config      client_socket.o
    0x080021e0   0x00000328   Code   RO         6402    i.ProcessRpThread   main.o
    0x08002508   0x0000003c   Code   RO         6857    i.SPO2_thread       app_spo2.o
    0x08002544   0x00000074   Code   RO         6403    i.StartThread       main.o
    0x080025b8   0x0000000e   Code   RO         6500    i.SysTick_Handler   stm32f7xx_it.o
    0x080025c6   0x00000002   PAD
    0x080025c8   0x00000054   Code   RO         3817    i.SystemInit        system_stm32f7xx.o
    0x0800261c   0x000000a0   Code   RO         6404    i.Timer1Callback    main.o
    0x080026bc   0x0000000c   Code   RO         6858    i.UART4_IRQHandler  app_spo2.o
    0x080026c8   0x000000c8   Code   RO         5774    i.UART_AdvFeatureConfig  stm32f7xx_hal_uart.o
    0x08002790   0x0000005c   Code   RO         5775    i.UART_CheckIdleState  stm32f7xx_hal_uart.o
    0x080027ec   0x00000014   Code   RO         5776    i.UART_DMAAbortOnError  stm32f7xx_hal_uart.o
    0x08002800   0x0000001c   Code   RO         5782    i.UART_EndRxTransfer  stm32f7xx_hal_uart.o
    0x0800281c   0x00000078   Code   RO         5784    i.UART_Receive_IT   stm32f7xx_hal_uart.o
    0x08002894   0x00000258   Code   RO         5785    i.UART_SetConfig    stm32f7xx_hal_uart.o
    0x08002aec   0x00000064   Code   RO         5786    i.UART_WaitOnFlagUntilTimeout  stm32f7xx_hal_uart.o
    0x08002b50   0x00000002   Code   RO         6501    i.UsageFault_Handler  stm32f7xx_it.o
    0x08002b52   0x00000002   PAD
    0x08002b54   0x00000020   Code   RO         7078    i.__0printf$5       mc_w.l(printf5.o)
    0x08002b74   0x00000008   Code   RO         7234    i.__aeabi_errno_addr  mc_w.l(errno.o)
    0x08002b7c   0x0000000e   Code   RO         7289    i.__scatterload_copy  mc_w.l(handlers.o)
    0x08002b8a   0x00000002   Code   RO         7290    i.__scatterload_null  mc_w.l(handlers.o)
    0x08002b8c   0x0000000e   Code   RO         7291    i.__scatterload_zeroinit  mc_w.l(handlers.o)
    0x08002b9a   0x00000002   PAD
    0x08002b9c   0x000002c0   Code   RO         7085    i._printf_core      mc_w.l(printf5.o)
    0x08002e5c   0x00000050   Code   RO         2943    i.alloc_socket      sockets.o
    0x08002eac   0x00000020   Code   RO         6784    i.app_cpx_init      app_cpx.o
    0x08002ecc   0x0000000c   Code   RO         6785    i.app_cpx_thread    app_cpx.o
    0x08002ed8   0x0000001c   Code   RO         1462    i.arp_timer         lwip_timers.o
    0x08002ef4   0x00000090   Code   RO         6706    i.client_read_thread  client_socket.o
    0x08002f84   0x000000a4   Code   RO         6707    i.client_socket_init  client_socket.o
    0x08003028   0x00000084   Code   RO         6708    i.client_socket_thread  client_socket.o
    0x080030ac   0x0000001e   Code   RO         3499    i.dhcp_arp_reply    dhcp.o
    0x080030ca   0x000000d6   Code   RO         3500    i.dhcp_bind         dhcp.o
    0x080031a0   0x00000034   Code   RO         3501    i.dhcp_check        dhcp.o
    0x080031d4   0x000000b0   Code   RO         3503    i.dhcp_coarse_tmr   dhcp.o
    0x08003284   0x00000134   Code   RO         3504    i.dhcp_create_msg   dhcp.o
    0x080033b8   0x00000084   Code   RO         3505    i.dhcp_decline      dhcp.o
    0x0800343c   0x00000016   Code   RO         3506    i.dhcp_delete_msg   dhcp.o
    0x08003452   0x00000002   PAD
    0x08003454   0x000000c8   Code   RO         3507    i.dhcp_discover     dhcp.o
    0x0800351c   0x00000034   Code   RO         3508    i.dhcp_fine_tmr     dhcp.o
    0x08003550   0x00000030   Code   RO         3511    i.dhcp_network_changed  dhcp.o
    0x08003580   0x00000020   Code   RO         3512    i.dhcp_option       dhcp.o
    0x080035a0   0x00000012   Code   RO         3513    i.dhcp_option_byte  dhcp.o
    0x080035b2   0x00000042   Code   RO         3514    i.dhcp_option_long  dhcp.o
    0x080035f4   0x00000022   Code   RO         3515    i.dhcp_option_short  dhcp.o
    0x08003616   0x00000030   Code   RO         3516    i.dhcp_option_trailer  dhcp.o
    0x08003646   0x00000002   PAD
    0x08003648   0x0000008c   Code   RO         3518    i.dhcp_rebind       dhcp.o
    0x080036d4   0x000000a4   Code   RO         3519    i.dhcp_reboot       dhcp.o
    0x08003778   0x000000a4   Code   RO         3521    i.dhcp_release      dhcp.o
    0x0800381c   0x00000088   Code   RO         3522    i.dhcp_renew        dhcp.o
    0x080038a4   0x000000f4   Code   RO         3523    i.dhcp_select       dhcp.o
    0x08003998   0x00000010   Code   RO         3524    i.dhcp_set_state    dhcp.o
    0x080039a8   0x00000018   Code   RO         3528    i.dhcp_supplied_address  dhcp.o
    0x080039c0   0x00000066   Code   RO         3529    i.dhcp_timeout      dhcp.o
    0x08003a26   0x00000002   PAD
    0x08003a28   0x0000001c   Code   RO         1463    i.dhcp_timer_coarse  lwip_timers.o
    0x08003a44   0x0000001c   Code   RO         1464    i.dhcp_timer_fine   lwip_timers.o
    0x08003a60   0x0000000c   Code   RO         1620    i.do_memp_free_pool  memp.o
    0x08003a6c   0x000000a6   Code   RO         2680    i.err_tcp           api_msg.o
    0x08003b12   0x000000ca   Code   RO         3383    i.etharp_arp_input  etharp.o
    0x08003bdc   0x00000030   Code   RO         3384    i.etharp_cleanup_netif  etharp.o
    0x08003c0c   0x000000dc   Code   RO         3386    i.etharp_find_entry  etharp.o
    0x08003ce8   0x0000003c   Code   RO         3387    i.etharp_free_entry  etharp.o
    0x08003d24   0x000000fc   Code   RO         3389    i.etharp_output     etharp.o
    0x08003e20   0x0000005c   Code   RO         3390    i.etharp_output_to_arp_index  etharp.o
    0x08003e7c   0x000000ec   Code   RO         3391    i.etharp_query      etharp.o
    0x08003f68   0x000000a0   Code   RO         3392    i.etharp_raw        etharp.o
    0x08004008   0x0000000c   Code   RO         3393    i.etharp_request    etharp.o
    0x08004014   0x00000020   Code   RO         3394    i.etharp_request_dst  etharp.o
    0x08004034   0x00000020   Code   RO         3395    i.etharp_send_ip    etharp.o
    0x08004054   0x00000060   Code   RO         3396    i.etharp_tmr        etharp.o
    0x080040b4   0x00000080   Code   RO         3397    i.etharp_update_arp_entry  etharp.o
    0x08004134   0x00000094   Code   RO         3398    i.ethernet_input    etharp.o
    0x080041c8   0x00000028   Code   RO         6575    i.ethernetif_init   ethernetif.o
    0x080041f0   0x00000034   Code   RO         6576    i.ethernetif_input  ethernetif.o
    0x08004224   0x00000040   Code   RO         6577    i.ethernetif_notify_conn_changed  ethernetif.o
    0x08004264   0x00000030   Code   RO         6578    i.ethernetif_set_link  ethernetif.o
    0x08004294   0x000000b0   Code   RO         6579    i.ethernetif_update_config  ethernetif.o
    0x08004344   0x00000108   Code   RO         2944    i.event_callback    sockets.o
    0x0800444c   0x00000018   Code   RO         6405    i.fputc             main.o
    0x08004464   0x00000050   Code   RO         7206    i.free              mc_w.l(malloc.o)
    0x080044b4   0x0000001e   Code   RO         2945    i.free_socket       sockets.o
    0x080044d2   0x00000002   PAD
    0x080044d4   0x00000028   Code   RO         2946    i.get_socket        sockets.o
    0x080044fc   0x00000008   Code   RO         3675    i.icmp_dest_unreach  icmp.o
    0x08004504   0x000000f4   Code   RO         3676    i.icmp_input        icmp.o
    0x080045f8   0x0000006c   Code   RO         3677    i.icmp_send_response  icmp.o
    0x08004664   0x0000000c   Code   RO          844    i.inHandlerMode     cmsis_os.o
    0x08004670   0x00000048   Code   RO         1251    i.inet_chksum_pbuf  inet_chksum.o
    0x080046b8   0x0000002e   Code   RO         3759    i.ip4_addr_isbroadcast_u32  ip4_addr.o
    0x080046e6   0x00000002   PAD
    0x080046e8   0x00000184   Code   RO         3710    i.ip4_input         ip4.o
    0x0800486c   0x0000001e   Code   RO         3712    i.ip4_output_if     ip4.o
    0x0800488a   0x00000002   PAD
    0x0800488c   0x00000094   Code   RO         3713    i.ip4_output_if_src  ip4.o
    0x08004920   0x0000005c   Code   RO         3714    i.ip4_route         ip4.o
    0x0800497c   0x0000011a   Code   RO         3761    i.ip4addr_aton      ip4_addr.o
    0x08004a96   0x00000004   Code   RO         3715    i.ip_input          ip4.o
    0x08004a9a   0x00000014   Code   RO         3764    i.ipaddr_addr       ip4_addr.o
    0x08004aae   0x00000002   PAD
    0x08004ab0   0x00000100   Code   RO         6580    i.low_level_init    ethernetif.o
    0x08004bb0   0x000000c4   Code   RO         6581    i.low_level_input   ethernetif.o
    0x08004c74   0x000000b0   Code   RO         6582    i.low_level_output  ethernetif.o
    0x08004d24   0x0000005c   Code   RO         2949    i.lwip_close        sockets.o
    0x08004d80   0x00000074   Code   RO         2950    i.lwip_connect      sockets.o
    0x08004df4   0x00000004   Code   RO         1192    i.lwip_htonl        def.o
    0x08004df8   0x00000004   Code   RO         1193    i.lwip_htons        def.o
    0x08004dfc   0x00000022   Code   RO         1329    i.lwip_init         init.o
    0x08004e1e   0x0000006a   Code   RO         2682    i.lwip_netconn_do_close  api_msg.o
    0x08004e88   0x00000158   Code   RO         2683    i.lwip_netconn_do_close_internal  api_msg.o
    0x08004fe0   0x000000a4   Code   RO         2684    i.lwip_netconn_do_connect  api_msg.o
    0x08005084   0x00000068   Code   RO         2685    i.lwip_netconn_do_connected  api_msg.o
    0x080050ec   0x000000a4   Code   RO         2686    i.lwip_netconn_do_delconn  api_msg.o
    0x08005190   0x0000003c   Code   RO         2687    i.lwip_netconn_do_disconnect  api_msg.o
    0x080051cc   0x0000007c   Code   RO         2688    i.lwip_netconn_do_getaddr  api_msg.o
    0x08005248   0x00000032   Code   RO         2690    i.lwip_netconn_do_newconn  api_msg.o
    0x0800527a   0x00000066   Code   RO         2691    i.lwip_netconn_do_recv  api_msg.o
    0x080052e0   0x00000062   Code   RO         2692    i.lwip_netconn_do_send  api_msg.o
    0x08005342   0x0000005a   Code   RO         2693    i.lwip_netconn_do_write  api_msg.o
    0x0800539c   0x0000012e   Code   RO         2694    i.lwip_netconn_do_writemore  api_msg.o
    0x080054ca   0x00000004   Code   RO         1194    i.lwip_ntohl        def.o
    0x080054ce   0x00000004   Code   RO         1195    i.lwip_ntohs        def.o
    0x080054d2   0x0000000e   Code   RO         2960    i.lwip_read         sockets.o
    0x080054e0   0x000001fc   Code   RO         2962    i.lwip_recvfrom     sockets.o
    0x080056dc   0x00000088   Code   RO         2965    i.lwip_send         sockets.o
    0x08005764   0x000000c4   Code   RO         2967    i.lwip_sendto       sockets.o
    0x08005828   0x00000080   Code   RO         2972    i.lwip_socket       sockets.o
    0x080058a8   0x0000005c   Code   RO         1258    i.lwip_standard_chksum  inet_chksum.o
    0x08005904   0x00000006   Code   RO         2975    i.lwip_write        sockets.o
    0x0800590a   0x00000002   PAD
    0x0800590c   0x000000e0   Code   RO         6406    i.main              main.o
    0x080059ec   0x0000000e   Code   RO          846    i.makeFreeRtosPriority  cmsis_os.o
    0x080059fa   0x00000002   PAD
    0x080059fc   0x0000006c   Code   RO         7207    i.malloc            mc_w.l(malloc.o)
    0x08005a68   0x00000044   Code   RO         1568    i.mem_free          mem.o
    0x08005aac   0x0000003c   Code   RO         1569    i.mem_init          mem.o
    0x08005ae8   0x000000d4   Code   RO         1570    i.mem_malloc        mem.o
    0x08005bbc   0x000000e4   Code   RO         1571    i.mem_trim          mem.o
    0x08005ca0   0x00000014   Code   RO         1621    i.memp_free         memp.o
    0x08005cb4   0x00000028   Code   RO         1623    i.memp_init         memp.o
    0x08005cdc   0x0000002a   Code   RO         1624    i.memp_init_pool    memp.o
    0x08005d06   0x00000002   PAD
    0x08005d08   0x00000018   Code   RO         1625    i.memp_malloc       memp.o
    0x08005d20   0x0000000e   Code   RO         1626    i.memp_malloc_pool  memp.o
    0x08005d2e   0x00000022   Code   RO         2863    i.netbuf_delete     netbuf.o
    0x08005d50   0x00000016   Code   RO         2865    i.netbuf_free       netbuf.o
    0x08005d66   0x00000040   Code   RO         2868    i.netbuf_ref        netbuf.o
    0x08005da6   0x00000072   Code   RO         2695    i.netconn_alloc     api_msg.o
    0x08005e18   0x0000002c   Code   RO         2542    i.netconn_close_shutdown  api_lib.o
    0x08005e44   0x00000028   Code   RO         2543    i.netconn_connect   api_lib.o
    0x08005e6c   0x00000030   Code   RO         2544    i.netconn_delete    api_lib.o
    0x08005e9c   0x00000020   Code   RO         2545    i.netconn_disconnect  api_lib.o
    0x08005ebc   0x0000009e   Code   RO         2696    i.netconn_drain     api_msg.o
    0x08005f5a   0x0000002e   Code   RO         2697    i.netconn_free      api_msg.o
    0x08005f88   0x00000030   Code   RO         2546    i.netconn_getaddr   api_lib.o
    0x08005fb8   0x00000060   Code   RO         2548    i.netconn_new_with_proto_and_callback  api_lib.o
    0x08006018   0x00000076   Code   RO         2549    i.netconn_recv      api_lib.o
    0x0800608e   0x00000002   PAD
    0x08006090   0x000000d0   Code   RO         2550    i.netconn_recv_data  api_lib.o
    0x08006160   0x00000016   Code   RO         2551    i.netconn_recv_tcp_pbuf  api_lib.o
    0x08006176   0x00000002   PAD
    0x08006178   0x00000030   Code   RO         2552    i.netconn_recved    api_lib.o
    0x080061a8   0x00000024   Code   RO         2553    i.netconn_send      api_lib.o
    0x080061cc   0x00000068   Code   RO         2556    i.netconn_write_partly  api_lib.o
    0x08006234   0x00000058   Code   RO         1759    i.netif_add         netif.o
    0x0800628c   0x00000002   Code   RO         1761    i.netif_init        netif.o
    0x0800628e   0x0000001a   Code   RO         1762    i.netif_issue_reports  netif.o
    0x080062a8   0x00000020   Code   RO         1764    i.netif_set_addr    netif.o
    0x080062c8   0x0000000c   Code   RO         1765    i.netif_set_default  netif.o
    0x080062d4   0x0000001a   Code   RO         1766    i.netif_set_down    netif.o
    0x080062ee   0x00000008   Code   RO         1767    i.netif_set_gw      netif.o
    0x080062f6   0x00000002   PAD
    0x080062f8   0x00000044   Code   RO         1768    i.netif_set_ipaddr  netif.o
    0x0800633c   0x00000008   Code   RO         1769    i.netif_set_link_callback  netif.o
    0x08006344   0x0000001a   Code   RO         1770    i.netif_set_link_down  netif.o
    0x0800635e   0x0000003e   Code   RO         1771    i.netif_set_link_up  netif.o
    0x0800639c   0x00000008   Code   RO         1772    i.netif_set_netmask  netif.o
    0x080063a4   0x0000001c   Code   RO         1773    i.netif_set_up      netif.o
    0x080063c0   0x0000000e   Code   RO          847    i.osDelay           cmsis_os.o
    0x080063ce   0x0000000a   Code   RO          850    i.osKernelStart     cmsis_os.o
    0x080063d8   0x0000000c   Code   RO          852    i.osMailAlloc       cmsis_os.o
    0x080063e4   0x00000056   Code   RO          854    i.osMailCreate      cmsis_os.o
    0x0800643a   0x0000000c   Code   RO          855    i.osMailFree        cmsis_os.o
    0x08006446   0x00000002   PAD
    0x08006448   0x00000094   Code   RO          856    i.osMailGet         cmsis_os.o
    0x080064dc   0x0000005c   Code   RO          857    i.osMailPut         cmsis_os.o
    0x08006538   0x0000000a   Code   RO          858    i.osMessageCreate   cmsis_os.o
    0x08006542   0x00000002   PAD
    0x08006544   0x00000098   Code   RO          859    i.osMessageGet      cmsis_os.o
    0x080065dc   0x0000005c   Code   RO          861    i.osMessagePut      cmsis_os.o
    0x08006638   0x0000006e   Code   RO          866    i.osPoolAlloc       cmsis_os.o
    0x080066a6   0x0000005e   Code   RO          868    i.osPoolCreate      cmsis_os.o
    0x08006704   0x0000002e   Code   RO          869    i.osPoolFree        cmsis_os.o
    0x08006732   0x0000002e   Code   RO          873    i.osSemaphoreCreate  cmsis_os.o
    0x08006760   0x00000050   Code   RO          875    i.osSemaphoreRelease  cmsis_os.o
    0x080067b0   0x0000006c   Code   RO          876    i.osSemaphoreWait   cmsis_os.o
    0x0800681c   0x00000014   Code   RO          879    i.osSystickHandler  cmsis_os.o
    0x08006830   0x00000038   Code   RO          880    i.osThreadCreate    cmsis_os.o
    0x08006868   0x0000000a   Code   RO          889    i.osThreadTerminate  cmsis_os.o
    0x08006872   0x00000002   PAD
    0x08006874   0x00000024   Code   RO          891    i.osTimerCreate     cmsis_os.o
    0x08006898   0x0000005c   Code   RO          893    i.osTimerStart      cmsis_os.o
    0x080068f4   0x000000a2   Code   RO         6825    i.package_create    tlv.o
    0x08006996   0x00000112   Code   RO         1874    i.pbuf_alloc        pbuf.o
    0x08006aa8   0x00000028   Code   RO         1875    i.pbuf_cat          pbuf.o
    0x08006ad0   0x00000012   Code   RO         1876    i.pbuf_chain        pbuf.o
    0x08006ae2   0x00000012   Code   RO         1877    i.pbuf_clen         pbuf.o
    0x08006af4   0x0000009a   Code   RO         1879    i.pbuf_copy         pbuf.o
    0x08006b8e   0x00000066   Code   RO         1880    i.pbuf_copy_partial  pbuf.o
    0x08006bf4   0x00000046   Code   RO         1882    i.pbuf_free         pbuf.o
    0x08006c3a   0x00000006   Code   RO         1884    i.pbuf_header       pbuf.o
    0x08006c40   0x00000006   Code   RO         1885    i.pbuf_header_force  pbuf.o
    0x08006c46   0x00000064   Code   RO         1886    i.pbuf_header_impl  pbuf.o
    0x08006caa   0x0000004e   Code   RO         1890    i.pbuf_realloc      pbuf.o
    0x08006cf8   0x0000000c   Code   RO         1891    i.pbuf_ref          pbuf.o
    0x08006d04   0x00000060   Code   RO         2698    i.pcb_new           api_msg.o
    0x08006d64   0x00000054   Code   RO         1572    i.plug_holes        mem.o
    0x08006db8   0x0000005e   Code   RO         2699    i.poll_tcp          api_msg.o
    0x08006e16   0x00000002   PAD
    0x08006e18   0x00000034   Code   RO          274    i.prvAddCurrentTaskToDelayedList  tasks.o
    0x08006e4c   0x00000064   Code   RO          559    i.prvCheckForValidListAndQueue  timers.o
    0x08006eb0   0x00000054   Code   RO          275    i.prvCheckTasksWaitingTermination  tasks.o
    0x08006f04   0x00000026   Code   RO           91    i.prvCopyDataFromQueue  queue.o
    0x08006f2a   0x0000006e   Code   RO           92    i.prvCopyDataToQueue  queue.o
    0x08006f98   0x00000050   Code   RO          727    i.prvHeapInit       heap_4.o
    0x08006fe8   0x00000028   Code   RO          276    i.prvIdleTask       tasks.o
    0x08007010   0x0000004c   Code   RO          728    i.prvInsertBlockIntoFreeList  heap_4.o
    0x0800705c   0x0000003c   Code   RO          560    i.prvInsertTimerInActiveList  timers.o
    0x08007098   0x000000c4   Code   RO          561    i.prvProcessReceivedCommands  timers.o
    0x0800715c   0x000000bc   Code   RO          562    i.prvProcessTimerOrBlockTask  timers.o
    0x08007218   0x00000020   Code   RO          278    i.prvResetNextTaskUnblockTime  tasks.o
    0x08007238   0x00000028   Code   RO          563    i.prvSampleTimeNow  timers.o
    0x08007260   0x00000070   Code   RO          564    i.prvSwitchTimerLists  timers.o
    0x080072d0   0x00000030   Code   RO          777    i.prvTaskExitError  port.o
    0x08007300   0x00000024   Code   RO          565    i.prvTimerTask      timers.o
    0x08007324   0x00000064   Code   RO           93    i.prvUnlockQueue    queue.o
    0x08007388   0x000000e4   Code   RO          729    i.pvPortMalloc      heap_4.o
    0x0800746c   0x00000018   Code   RO          279    i.pvTaskIncrementMutexHeldCount  tasks.o
    0x08007484   0x00000028   Code   RO          778    i.pxPortInitialiseStack  port.o
    0x080074ac   0x0000006a   Code   RO         2700    i.recv_tcp          api_msg.o
    0x08007516   0x0000006e   Code   RO         2701    i.recv_udp          api_msg.o
    0x08007584   0x000001c8   Code   RO         6709    i.send_dev_data_message  client_socket.o
    0x0800774c   0x00000094   Code   RO         6710    i.send_dev_heartbeat_message  client_socket.o
    0x080077e0   0x00000088   Code   RO         6711    i.send_dev_register_message  client_socket.o
    0x08007868   0x00000052   Code   RO         2702    i.sent_tcp          api_msg.o
    0x080078ba   0x00000002   PAD
    0x080078bc   0x00000044   Code   RO         2703    i.setup_tcp         api_msg.o
    0x08007900   0x00000024   Code   RO         6859    i.spo2_init         app_spo2.o
    0x08007924   0x00000050   Code   RO         3252    i.sys_arch_mbox_fetch  sys_arch.o
    0x08007974   0x0000001e   Code   RO         3253    i.sys_arch_mbox_tryfetch  sys_arch.o
    0x08007992   0x00000042   Code   RO         3255    i.sys_arch_sem_wait  sys_arch.o
    0x080079d4   0x0000000c   Code   RO         3258    i.sys_init          sys_arch.o
    0x080079e0   0x00000014   Code   RO         3259    i.sys_mbox_free     sys_arch.o
    0x080079f4   0x0000001c   Code   RO         3260    i.sys_mbox_new      sys_arch.o
    0x08007a10   0x0000001a   Code   RO         3261    i.sys_mbox_post     sys_arch.o
    0x08007a2a   0x00000006   Code   RO         3262    i.sys_mbox_set_invalid  sys_arch.o
    0x08007a30   0x0000001c   Code   RO         3263    i.sys_mbox_trypost  sys_arch.o
    0x08007a4c   0x0000000a   Code   RO         3264    i.sys_mbox_valid    sys_arch.o
    0x08007a56   0x00000006   Code   RO         3265    i.sys_sem_free      sys_arch.o
    0x08007a5c   0x0000003a   Code   RO         3266    i.sys_sem_new       sys_arch.o
    0x08007a96   0x00000006   Code   RO         3267    i.sys_sem_set_invalid  sys_arch.o
    0x08007a9c   0x0000000c   Code   RO         3268    i.sys_sem_signal    sys_arch.o
    0x08007aa8   0x0000000a   Code   RO         3269    i.sys_sem_valid     sys_arch.o
    0x08007ab2   0x00000002   PAD
    0x08007ab4   0x0000003c   Code   RO         3270    i.sys_thread_new    sys_arch.o
    0x08007af0   0x0000005c   Code   RO         1465    i.sys_timeout       lwip_timers.o
    0x08007b4c   0x00000038   Code   RO         1466    i.sys_timeouts_init  lwip_timers.o
    0x08007b84   0x00000060   Code   RO         1467    i.sys_timeouts_mbox_fetch  lwip_timers.o
    0x08007be4   0x000000cc   Code   RO         2047    i.tcp_abandon       tcp.o
    0x08007cb0   0x00000006   Code   RO         2048    i.tcp_abort         tcp.o
    0x08007cb6   0x00000004   Code   RO         2049    i.tcp_accept        tcp.o
    0x08007cba   0x00000002   PAD
    0x08007cbc   0x00000120   Code   RO         2051    i.tcp_alloc         tcp.o
    0x08007ddc   0x00000004   Code   RO         2052    i.tcp_arg           tcp.o
    0x08007de0   0x00000014   Code   RO         2054    i.tcp_close         tcp.o
    0x08007df4   0x00000140   Code   RO         2055    i.tcp_close_shutdown  tcp.o
    0x08007f34   0x000000e8   Code   RO         2056    i.tcp_connect       tcp.o
    0x0800801c   0x0000009c   Code   RO         2341    i.tcp_create_segment  tcp_out.o
    0x080080b8   0x00000022   Code   RO         2058    i.tcp_eff_send_mss_impl  tcp.o
    0x080080da   0x000000a8   Code   RO         2342    i.tcp_enqueue_flags  tcp_out.o
    0x08008182   0x00000006   Code   RO         2059    i.tcp_err           tcp.o
    0x08008188   0x00000060   Code   RO         2060    i.tcp_fasttmr       tcp.o
    0x080081e8   0x00000030   Code   RO         2282    i.tcp_getoptbyte    tcp_in.o
    0x08008218   0x00000002   Code   RO         2061    i.tcp_init          tcp.o
    0x0800821a   0x00000002   PAD
    0x0800821c   0x00000358   Code   RO         2283    i.tcp_input         tcp_in.o
    0x08008574   0x00000052   Code   RO         2343    i.tcp_keepalive     tcp_out.o
    0x080085c6   0x00000002   PAD
    0x080085c8   0x0000003c   Code   RO         2062    i.tcp_kill_state    tcp.o
    0x08008604   0x000000f4   Code   RO         2284    i.tcp_listen_input  tcp_in.o
    0x080086f8   0x00000048   Code   RO         2064    i.tcp_netif_ipv4_addr_changed  tcp.o
    0x08008740   0x00000022   Code   RO         2065    i.tcp_netif_ipv4_addr_changed_pcblist  tcp.o
    0x08008762   0x00000006   Code   RO         2066    i.tcp_new           tcp.o
    0x08008768   0x0000005c   Code   RO         2067    i.tcp_new_port      tcp.o
    0x080087c4   0x00000010   Code   RO         2068    i.tcp_next_iss      tcp.o
    0x080087d4   0x000001a4   Code   RO         2344    i.tcp_output        tcp_out.o
    0x08008978   0x0000006c   Code   RO         2345    i.tcp_output_alloc_header  tcp_out.o
    0x080089e4   0x000000c4   Code   RO         2346    i.tcp_output_segment  tcp_out.o
    0x08008aa8   0x00000090   Code   RO         2285    i.tcp_parseopt      tcp_in.o
    0x08008b38   0x0000004e   Code   RO         2347    i.tcp_pbuf_prealloc  tcp_out.o
    0x08008b86   0x00000002   PAD
    0x08008b88   0x0000006c   Code   RO         2069    i.tcp_pcb_purge     tcp.o
    0x08008bf4   0x00000050   Code   RO         2070    i.tcp_pcb_remove    tcp.o
    0x08008c44   0x0000000a   Code   RO         2071    i.tcp_poll          tcp.o
    0x08008c4e   0x00000002   PAD
    0x08008c50   0x00000374   Code   RO         2286    i.tcp_process       tcp_in.o
    0x08008fc4   0x00000068   Code   RO         2072    i.tcp_process_refused_data  tcp.o
    0x0800902c   0x00000424   Code   RO         2287    i.tcp_receive       tcp_in.o
    0x08009450   0x00000004   Code   RO         2073    i.tcp_recv          tcp.o
    0x08009454   0x00000024   Code   RO         2074    i.tcp_recv_null     tcp.o
    0x08009478   0x00000044   Code   RO         2075    i.tcp_recved        tcp.o
    0x080094bc   0x00000052   Code   RO         2348    i.tcp_rexmit        tcp_out.o
    0x0800950e   0x00000058   Code   RO         2349    i.tcp_rexmit_fast   tcp_out.o
    0x08009566   0x00000038   Code   RO         2350    i.tcp_rexmit_rto    tcp_out.o
    0x0800959e   0x00000080   Code   RO         2351    i.tcp_rst           tcp_out.o
    0x0800961e   0x0000001c   Code   RO         2076    i.tcp_seg_free      tcp.o
    0x0800963a   0x00000012   Code   RO         2077    i.tcp_segs_free     tcp.o
    0x0800964c   0x00000072   Code   RO         2352    i.tcp_send_empty_ack  tcp_out.o
    0x080096be   0x00000044   Code   RO         2353    i.tcp_send_fin      tcp_out.o
    0x08009702   0x00000004   Code   RO         2078    i.tcp_sent          tcp.o
    0x08009706   0x0000004e   Code   RO         2080    i.tcp_shutdown      tcp.o
    0x08009754   0x0000026c   Code   RO         2081    i.tcp_slowtmr       tcp.o
    0x080099c0   0x00000034   Code   RO         1469    i.tcp_timer_needed  lwip_timers.o
    0x080099f4   0x00000068   Code   RO         2288    i.tcp_timewait_input  tcp_in.o
    0x08009a5c   0x00000020   Code   RO         2082    i.tcp_tmr           tcp.o
    0x08009a7c   0x00000010   Code   RO         2289    i.tcp_trigger_input_pcb_close  tcp_in.o
    0x08009a8c   0x00000036   Code   RO         2084    i.tcp_update_rcv_ann_wnd  tcp.o
    0x08009ac2   0x00000002   PAD
    0x08009ac4   0x00000302   Code   RO         2354    i.tcp_write         tcp_out.o
    0x08009dc6   0x0000009c   Code   RO         2355    i.tcp_zero_window_probe  tcp_out.o
    0x08009e62   0x00000002   PAD
    0x08009e64   0x0000003c   Code   RO         3166    i.tcpip_apimsg      tcpip.o
    0x08009ea0   0x0000003c   Code   RO         3170    i.tcpip_init        tcpip.o
    0x08009edc   0x0000004c   Code   RO         3171    i.tcpip_input       tcpip.o
    0x08009f28   0x00000038   Code   RO         1470    i.tcpip_tcp_timer   lwip_timers.o
    0x08009f60   0x00000070   Code   RO         3172    i.tcpip_thread      tcpip.o
    0x08009fd0   0x00000348   Code   RO         6712    i.tlv_unpack_thread  client_socket.o
    0x0800a318   0x000000b4   Code   RO         2433    i.udp_bind          udp.o
    0x0800a3cc   0x00000054   Code   RO         2434    i.udp_connect       udp.o
    0x0800a420   0x00000010   Code   RO         2435    i.udp_disconnect    udp.o
    0x0800a430   0x00000002   Code   RO         2436    i.udp_init          udp.o
    0x0800a432   0x00000002   PAD
    0x0800a434   0x00000140   Code   RO         2437    i.udp_input         udp.o
    0x0800a574   0x00000030   Code   RO         2438    i.udp_netif_ipv4_addr_changed  udp.o
    0x0800a5a4   0x0000001a   Code   RO         2439    i.udp_new           udp.o
    0x0800a5be   0x00000006   Code   RO         2440    i.udp_recv          udp.o
    0x0800a5c4   0x00000030   Code   RO         2441    i.udp_remove        udp.o
    0x0800a5f4   0x00000008   Code   RO         2442    i.udp_send          udp.o
    0x0800a5fc   0x00000030   Code   RO         2443    i.udp_sendto        udp.o
    0x0800a62c   0x0000002c   Code   RO         2444    i.udp_sendto_if     udp.o
    0x0800a658   0x0000009e   Code   RO         2445    i.udp_sendto_if_src  udp.o
    0x0800a6f6   0x00000024   Code   RO           46    i.uxListRemove      list.o
    0x0800a71a   0x00000028   Code   RO           96    i.uxQueueMessagesWaiting  queue.o
    0x0800a742   0x00000016   Code   RO           47    i.vListInitialise   list.o
    0x0800a758   0x00000006   Code   RO           48    i.vListInitialiseItem  list.o
    0x0800a75e   0x00000030   Code   RO           49    i.vListInsert       list.o
    0x0800a78e   0x00000018   Code   RO           50    i.vListInsertEnd    list.o
    0x0800a7a6   0x00000002   PAD
    0x0800a7a8   0x00000048   Code   RO          780    i.vPortEnterCritical  port.o
    0x0800a7f0   0x0000002c   Code   RO          781    i.vPortExitCritical  port.o
    0x0800a81c   0x00000064   Code   RO          730    i.vPortFree         heap_4.o
    0x0800a880   0x00000020   Code   RO          782    i.vPortSetupTimerInterrupt  port.o
    0x0800a8a0   0x0000005c   Code   RO          783    i.vPortValidateInterruptPriority  port.o
    0x0800a8fc   0x00000028   Code   RO           99    i.vQueueAddToRegistry  queue.o
    0x0800a924   0x00000028   Code   RO          100    i.vQueueDelete      queue.o
    0x0800a94c   0x00000024   Code   RO          102    i.vQueueUnregisterQueue  queue.o
    0x0800a970   0x0000003c   Code   RO          103    i.vQueueWaitForMessageRestricted  queue.o
    0x0800a9ac   0x0000006c   Code   RO          287    i.vTaskDelay        tasks.o
    0x0800aa18   0x000000a8   Code   RO          289    i.vTaskDelete       tasks.o
    0x0800aac0   0x0000000c   Code   RO          292    i.vTaskMissedYield  tasks.o
    0x0800aacc   0x00000050   Code   RO          294    i.vTaskPlaceOnEventList  tasks.o
    0x0800ab1c   0x00000050   Code   RO          295    i.vTaskPlaceOnEventListRestricted  tasks.o
    0x0800ab6c   0x00000088   Code   RO          297    i.vTaskPriorityInherit  tasks.o
    0x0800abf4   0x00000028   Code   RO          300    i.vTaskSetTimeOutState  tasks.o
    0x0800ac1c   0x00000078   Code   RO          301    i.vTaskStartScheduler  tasks.o
    0x0800ac94   0x00000010   Code   RO          302    i.vTaskSuspendAll   tasks.o
    0x0800aca4   0x00000060   Code   RO          303    i.vTaskSwitchContext  tasks.o
    0x0800ad04   0x000000a8   Code   RO          784    i.xPortStartScheduler  port.o
    0x0800adac   0x00000030   Code   RO          785    i.xPortSysTickHandler  port.o
    0x0800addc   0x00000054   Code   RO          104    i.xQueueCreateCountingSemaphore  queue.o
    0x0800ae30   0x0000006c   Code   RO          106    i.xQueueGenericCreate  queue.o
    0x0800ae9c   0x00000178   Code   RO          107    i.xQueueGenericReceive  queue.o
    0x0800b014   0x00000098   Code   RO          108    i.xQueueGenericReset  queue.o
    0x0800b0ac   0x00000170   Code   RO          109    i.xQueueGenericSend  queue.o
    0x0800b21c   0x000000c6   Code   RO          110    i.xQueueGenericSendFromISR  queue.o
    0x0800b2e2   0x000000ac   Code   RO          111    i.xQueueGiveFromISR  queue.o
    0x0800b38e   0x0000009a   Code   RO          116    i.xQueueReceiveFromISR  queue.o
    0x0800b428   0x00000070   Code   RO          304    i.xTaskCheckForTimeOut  tasks.o
    0x0800b498   0x000001c0   Code   RO          305    i.xTaskGenericCreate  tasks.o
    0x0800b658   0x0000001c   Code   RO          309    i.xTaskGetSchedulerState  tasks.o
    0x0800b674   0x0000000c   Code   RO          310    i.xTaskGetTickCount  tasks.o
    0x0800b680   0x000000d0   Code   RO          312    i.xTaskIncrementTick  tasks.o
    0x0800b750   0x000000a8   Code   RO          315    i.xTaskPriorityDisinherit  tasks.o
    0x0800b7f8   0x00000078   Code   RO          316    i.xTaskRemoveFromEventList  tasks.o
    0x0800b870   0x000000c8   Code   RO          318    i.xTaskResumeAll    tasks.o
    0x0800b938   0x0000004c   Code   RO          568    i.xTimerCreate      timers.o
    0x0800b984   0x00000050   Code   RO          569    i.xTimerCreateTimerTask  timers.o
    0x0800b9d4   0x00000064   Code   RO          570    i.xTimerGenericCommand  timers.o
    0x0800ba38   0x00000010   Data   RO         1638    .constdata          memp.o
    0x0800ba48   0x00000010   Data   RO         1639    .constdata          memp.o
    0x0800ba58   0x00000010   Data   RO         1640    .constdata          memp.o
    0x0800ba68   0x00000010   Data   RO         1641    .constdata          memp.o
    0x0800ba78   0x00000010   Data   RO         1642    .constdata          memp.o
    0x0800ba88   0x00000010   Data   RO         1643    .constdata          memp.o
    0x0800ba98   0x00000010   Data   RO         1644    .constdata          memp.o
    0x0800baa8   0x00000010   Data   RO         1645    .constdata          memp.o
    0x0800bab8   0x00000010   Data   RO         1646    .constdata          memp.o
    0x0800bac8   0x00000010   Data   RO         1647    .constdata          memp.o
    0x0800bad8   0x00000010   Data   RO         1648    .constdata          memp.o
    0x0800bae8   0x00000054   Data   RO         2085    .constdata          tcp.o
    0x0800bb3c   0x00000044   Data   RO         2979    .constdata          sockets.o
    0x0800bb80   0x0000000c   Data   RO         3400    .constdata          etharp.o
    0x0800bb8c   0x00000004   Data   RO         3766    .constdata          ip4_addr.o
    0x0800bb90   0x00000004   Data   RO         3767    .constdata          ip4_addr.o
    0x0800bb94   0x00000010   Data   RO         3818    .constdata          system_stm32f7xx.o
    0x0800bba4   0x00000008   Data   RO         3819    .constdata          system_stm32f7xx.o
    0x0800bbac   0x00000038   Data   RO         6408    .constdata          main.o
    0x0800bbe4   0x00000014   Data   RO         6588    .constdata          ethernetif.o
    0x0800bbf8   0x0000001c   Data   RO         6714    .constdata          client_socket.o
    0x0800bc14   0x00000014   Data   RO         6786    .constdata          app_cpx.o
    0x0800bc28   0x00000014   Data   RO         6861    .constdata          app_spo2.o
    0x0800bc3c   0x00000008   Data   RO         1649    .conststring        memp.o
    0x0800bc44   0x00000008   Data   RO         1650    .conststring        memp.o
    0x0800bc4c   0x0000000f   Data   RO         1651    .conststring        memp.o
    0x0800bc5b   0x00000001   PAD
    0x0800bc5c   0x00000008   Data   RO         1652    .conststring        memp.o
    0x0800bc64   0x00000007   Data   RO         1653    .conststring        memp.o
    0x0800bc6b   0x00000001   PAD
    0x0800bc6c   0x00000008   Data   RO         1654    .conststring        memp.o
    0x0800bc74   0x0000000e   Data   RO         1655    .conststring        memp.o
    0x0800bc82   0x00000002   PAD
    0x0800bc84   0x00000010   Data   RO         1656    .conststring        memp.o
    0x0800bc94   0x0000000c   Data   RO         1657    .conststring        memp.o
    0x0800bca0   0x0000000d   Data   RO         1658    .conststring        memp.o
    0x0800bcad   0x00000003   PAD
    0x0800bcb0   0x0000000a   Data   RO         1659    .conststring        memp.o
    0x0800bcba   0x00000002   PAD
    0x0800bcbc   0x0000006d   Data   RO         2086    .conststring        tcp.o
    0x0800bd29   0x00000003   PAD
    0x0800bd2c   0x0000001a   Data   RO         6409    .conststring        main.o
    0x0800bd46   0x00000002   PAD
    0x0800bd48   0x00000006   Data   RO         6589    .conststring        ethernetif.o
    0x0800bd4e   0x00000002   PAD
    0x0800bd50   0x00000068   Data   RO         6715    .conststring        client_socket.o
    0x0800bdb8   0x00000004   Data   RO         6787    .conststring        app_cpx.o
    0x0800bdbc   0x00000005   Data   RO         6862    .conststring        app_spo2.o
    0x0800bdc1   0x00000003   PAD
    0x0800bdc4   0x00000020   Data   RO         7287    Region$$Table       anon$$obj.o


    Execution Region RW_IRAM1 (Base: 0x20000000, Size: 0x0003e680, Max: 0x00050000, ABSOLUTE, COMPRESSED[0x00000040])

    Base Addr    Size         Type   Attr      Idx    E Section Name        Object

    0x20000000   0x00000038   Data   RW          320    .data               tasks.o
    0x20000038   0x00000010   Data   RW          573    .data               timers.o
    0x20000048   0x00000018   Data   RW          735    .data               heap_4.o
    0x20000060   0x0000000c   Data   RW          786    .data               port.o
    0x2000006c   0x00000008   Data   RW         1471    .data               lwip_timers.o
    0x20000074   0x00000010   Data   RW         1574    .data               mem.o
    0x20000084   0x0000002c   Data   RW         1660    .data               memp.o
    0x200000b0   0x00000004   Data   RW         1661    .data               memp.o
    0x200000b4   0x00000004   Data   RW         1662    .data               memp.o
    0x200000b8   0x00000004   Data   RW         1663    .data               memp.o
    0x200000bc   0x00000004   Data   RW         1664    .data               memp.o
    0x200000c0   0x00000004   Data   RW         1665    .data               memp.o
    0x200000c4   0x00000004   Data   RW         1666    .data               memp.o
    0x200000c8   0x00000004   Data   RW         1667    .data               memp.o
    0x200000cc   0x00000004   Data   RW         1668    .data               memp.o
    0x200000d0   0x00000004   Data   RW         1669    .data               memp.o
    0x200000d4   0x00000004   Data   RW         1670    .data               memp.o
    0x200000d8   0x00000004   Data   RW         1671    .data               memp.o
    0x200000dc   0x0000000c   Data   RW         1774    .data               netif.o
    0x200000e8   0x00000020   Data   RW         2087    .data               tcp.o
    0x20000108   0x00000020   Data   RW         2291    .data               tcp_in.o
    0x20000128   0x00000008   Data   RW         2446    .data               udp.o
    0x20000130   0x00000008   Data   RW         2980    .data               sockets.o
    0x20000138   0x0000000c   Data   RW         3174    .data               tcpip.o
    0x20000144   0x00000002   Data   RW         3271    .data               sys_arch.o
    0x20000146   0x00000001   Data   RW         3401    .data               etharp.o
    0x20000147   0x00000001   PAD
    0x20000148   0x00000008   Data   RW         3531    .data               dhcp.o
    0x20000150   0x00000002   Data   RW         3717    .data               ip4.o
    0x20000152   0x00000002   PAD
    0x20000154   0x00000004   Data   RW         3820    .data               system_stm32f7xx.o
    0x20000158   0x00000004   Data   RW         3978    .data               stm32f7xx_hal.o
    0x2000015c   0x00000018   Data   RW         6410    .data               main.o
    0x20000174   0x00000002   Data   RW         6411    .data               main.o
    0x20000176   0x00000002   PAD
    0x20000178   0x00000004   Data   RW         6412    .data               main.o
    0x2000017c   0x00000004   Data   RW         6590    .data               ethernetif.o
    0x20000180   0x00000002   Data   RW         6671    .data               lcd.o
    0x20000182   0x00000002   PAD
    0x20000184   0x00000028   Data   RW         6716    .data               client_socket.o
    0x200001ac   0x00000004   Data   RW         6931    .data               mc_w.l(rand.o)
    0x200001b0   0x00000004   Data   RW         7237    .data               mc_w.l(errno.o)
    0x200001b4   0x00000004   Data   RW         7263    .data               mc_w.l(stdout.o)
    0x200001b8   0x00000004   Data   RW         7270    .data               mc_w.l(mvars.o)
    0x200001bc   0x00000004   Data   RW         7271    .data               mc_w.l(mvars.o)
    0x200001c0   0x00000040   Zero   RW          118    .bss                queue.o
    0x20000200   0x000000dc   Zero   RW          319    .bss                tasks.o
    0x200002dc   0x00000028   Zero   RW          572    .bss                timers.o
    0x20000304   0x000000c0   Zero   RW         1627    .bss                memp.o
    0x200003c4   0x000005c8   Zero   RW         1628    .bss                memp.o
    0x2000098c   0x000000a0   Zero   RW         1629    .bss                memp.o
    0x20000a2c   0x000000f0   Zero   RW         1630    .bss                memp.o
    0x20000b1c   0x00000020   Zero   RW         1631    .bss                memp.o
    0x20000b3c   0x000000b0   Zero   RW         1632    .bss                memp.o
    0x20000bec   0x00000080   Zero   RW         1633    .bss                memp.o
    0x20000c6c   0x00000080   Zero   RW         1634    .bss                memp.o
    0x20000cec   0x000000a0   Zero   RW         1635    .bss                memp.o
    0x20000d8c   0x00000320   Zero   RW         1636    .bss                memp.o
    0x200010ac   0x00000014   Zero   RW         2290    .bss                tcp_in.o
    0x200010c0   0x00000050   Zero   RW         2978    .bss                sockets.o
    0x20001110   0x000000f0   Zero   RW         3399    .bss                etharp.o
    0x20001200   0x00000018   Zero   RW         3716    .bss                ip4.o
    0x20001218   0x00000070   Zero   RW         6407    .bss                main.o
    0x20001288   0x00000048   Zero   RW         6587    .bss                ethernetif.o
    0x200012d0   0x00000064   Zero   RW         6713    .bss                client_socket.o
    0x20001334   0x00000070   Zero   RW         6860    .bss                app_spo2.o
    0x200013a4   0x00000004   PAD
    0x200013a8   0x00000200   Zero   RW         6391    HEAP                startup_stm32f746xx.o
    0x200015a8   0x00000400   Zero   RW         6390    STACK               startup_stm32f746xx.o
    0x200019a8   0x00000658   PAD
    0x20002000   0x000000a0   Zero   RW         6583    .ARM.__AT_0x20002000  ethernetif.o
    0x200020a0   0x000000a0   Zero   RW         6584    .ARM.__AT_0x200020A0  ethernetif.o
    0x20002140   0x00001dc4   Zero   RW         6585    .ARM.__AT_0x20002140  ethernetif.o
    0x20003f04   0x0000057c   PAD
    0x20004480   0x00001dc4   Zero   RW         6586    .ARM.__AT_0x20004480  ethernetif.o
    0x20006244   0x00032000   Zero   RW          734    .bss                heap_4.o
    0x20038244   0x00002814   Zero   RW         1573    .bss                mem.o
    0x2003aa58   0x00003c28   Zero   RW         1637    .bss                memp.o


==============================================================================

Image component sizes


      Code (inc. data)   RO Data    RW Data    ZI Data      Debug   Object Name

       844         52          0          0          0      26448   api_lib.o
      2748         44          0          0          0      28473   api_msg.o
        44          6         24          0          0       1495   app_cpx.o
       248         40         25          0        112       2971   app_spo2.o
      2140        344        132         40        100      16709   client_socket.o
      1352         40          0          0          0      32376   cmsis_os.o
       280         24          0          0          0       1114   cpx_board.o
         0          0          0          0          0      15060   croutine.o
        16          0          0          0          0       3612   def.o
      2422         70          0          8          0      19372   dhcp.o
      1718         74         12          1        240      18039   etharp.o
      1312        154         26          4      15632      12704   ethernetif.o
       484         24          0         24     204800       4943   heap_4.o
       360          4          0          0          0       3257   icmp.o
       164          0          0          0          0      11219   inet_chksum.o
        34          0          0          0          0      43497   init.o
       662         28          0          2         24       8921   ip4.o
       348          6          8          0          0       8219   ip4_addr.o
         0          0          0          2          0       1738   lcd.o
       136          0          0          0          0       5122   list.o
       436         72          0          8          0       6843   lwip_timers.o
      1824        408         82         30        112      46121   main.o
       652         26          0         16      10260       5489   mem.o
       152         16        295         88      18896      10383   memp.o
       120          0          0          0          0       3531   netbuf.o
       394         18          0         12          0      14675   netif.o
       878          6          0          0          0      10647   pbuf.o
       730         80          0         12          0       9797   port.o
      2076         26          0          0         64      31112   queue.o
      1610         56         68          8         80      22313   sockets.o
        36          8        456          0       1536        812   startup_stm32f746xx.o
       128         22          0          4          0       4421   stm32f7xx_hal.o
       194         12          0          0          0      35607   stm32f7xx_hal_cortex.o
        36          0          0          0          0       1259   stm32f7xx_hal_dma.o
      2462         70          0          0          0      14791   stm32f7xx_hal_eth.o
       500         54          0          0          0       3936   stm32f7xx_hal_gpio.o
       108          8          0          0          0       1304   stm32f7xx_hal_pwr_ex.o
      1420         70          0          0          0       5744   stm32f7xx_hal_rcc.o
      1974         74          0          0          0      12797   stm32f7xx_hal_uart.o
        30          0          0          0          0       3816   stm32f7xx_it.o
       458          8          0          2          0      11769   sys_arch.o
        84         16         24          4          0     411227   system_stm32f7xx.o
      2384        192          0         56        220      26344   tasks.o
      2740         96        193         32          0      36041   tcp.o
      3356        114          0         32         20      19719   tcp_in.o
      2670         10          0          0          0      17227   tcp_out.o
       308         32          0         12          0       9930   tcpip.o
       988         84          0         16         40      16234   timers.o
       162          0          0          0          0       2117   tlv.o
       988         32          0          8          0      18239   udp.o

    ----------------------------------------------------------------------
     45284       2520       1396        428     255168    1079534   Object Totals
         0          0         32          0          0          0   (incl. Generated)
        74          0         19          7       3032          0   (incl. Padding)

    ----------------------------------------------------------------------

      Code (inc. data)   RO Data    RW Data    ZI Data      Debug   Library Member Name

        86          0          0          0          0          0   __dczerorl2.o
         0          0          0          0          0          0   entry.o
         0          0          0          0          0          0   entry10a.o
         0          0          0          0          0          0   entry11a.o
         8          4          0          0          0          0   entry2.o
         4          0          0          0          0          0   entry5.o
         0          0          0          0          0          0   entry7b.o
         0          0          0          0          0          0   entry8b.o
         8          4          0          0          0          0   entry9a.o
         8          4          0          4          0         68   errno.o
        30          0          0          0          0          0   handlers.o
        36          8          0          0          0         68   init.o
         0          0          0          0          0          0   iusefp.o
        30          0          0          0          0         68   llshl.o
        32          0          0          0          0         68   llushr.o
       188         20          0          0          0        160   malloc.o
        26          0          0          0          0         80   memcmp.o
        36          0          0          0          0         68   memcpya.o
        36          0          0          0          0        108   memseta.o
         0          0          0          8          0          0   mvars.o
       736         56          0          0          0        184   printf5.o
        36         10          0          4          0        136   rand.o
         0          0          0          4          0          0   stdout.o
        98          0          0          0          0         92   uldiv.o
        48          0          0          0          0         68   cdrcmple.o
       222          0          0          0          0        100   ddiv.o
       186          0          0          0          0        176   depilogue.o
        50          0          0          0          0         76   dfixui.o
        26          0          0          0          0         76   dfltui.o

    ----------------------------------------------------------------------
      1932        106          0         20          0       1596   Library Totals
         2          0          0          0          0          0   (incl. Padding)

    ----------------------------------------------------------------------

      Code (inc. data)   RO Data    RW Data    ZI Data      Debug   Library Name

      1398        106          0         20          0       1100   mc_w.l
       532          0          0          0          0        496   mf_w.l

    ----------------------------------------------------------------------
      1932        106          0         20          0       1596   Library Totals

    ----------------------------------------------------------------------

==============================================================================


      Code (inc. data)   RO Data    RW Data    ZI Data      Debug   

     47216       2626       1396        448     255168    1039286   Grand Totals
     47216       2626       1396         64     255168    1039286   ELF Image Totals (compressed)
     47216       2626       1396         64          0          0   ROM Totals

==============================================================================

    Total RO  Size (Code + RO Data)                48612 (  47.47kB)
    Total RW  Size (RW Data + ZI Data)            255616 ( 249.63kB)
    Total ROM Size (Code + RO Data + RW Data)      48676 (  47.54kB)

==============================================================================

