<html>
<body>
<pre>
<h1>µVision Build Log</h1>
<h2>Tool Versions:</h2>
IDE-Version: ¦ÌVision V5.20.0.0
Copyright (C) 2016 ARM Ltd and ARM Germany GmbH. All rights reserved.
License Information: A Microsoft, Microsoft, LIC=EXJTG-VU9U6-FWL2N-YQXKR-XJRC7-DI6RU
 
Tool Versions:
Toolchain:       MDK-ARM Plus  Version: 5.20
Toolchain Path:  C:\Keil_v5\ARM\ARMCC\Bin
C Compiler:      Armcc.exe V5.06 update 2 (build 183)
Assembler:       Armasm.exe V5.06 update 2 (build 183)
Linker/Locator:  ArmLink.exe V5.06 update 2 (build 183)
Library Manager: ArmAr.exe V5.06 update 2 (build 183)
Hex Converter:   FromElf.exe V5.06 update 2 (build 183)
CPU DLL:         SARMCM3.DLL V5.20
Dialog DLL:      DCM.DLL V1.13.7.0
Target DLL:      STLink\ST-LINKIII-KEIL_SWO.dll V2.0.18.0
Dialog DLL:      TCM.DLL V1.14.9.0
 
<h2>Project:</h2>
C:\GitHub-cornrn\CPX\runman\CPX-runman-master\MDK-ARM\Project.uvprojx
Project File Date:  09/25/2017

<h2>Output:</h2>
*** Using Compiler 'V5.06 update 2 (build 183)', folder: 'C:\Keil_v5\ARM\ARMCC\Bin'
Build target 'mCPX-V2.0'
compiling croutine.c...
compiling list.c...
compiling queue.c...
compiling timers.c...
compiling tasks.c...
compiling event_groups.c...
compiling heap_4.c...
compiling def.c...
compiling port.c...
compiling dns.c...
compiling cmsis_os.c...
compiling inet_chksum.c...
compiling init.c...
compiling lwip_timers.c...
compiling mem.c...
compiling memp.c...
compiling raw.c...
compiling netif.c...
compiling pbuf.c...
compiling stats.c...
compiling sys.c...
compiling tcp.c...
compiling tcp_in.c...
compiling tcp_out.c...
compiling udp.c...
compiling err.c...
compiling api_lib.c...
compiling netdb.c...
compiling netbuf.c...
compiling api_msg.c...
compiling netifapi.c...
compiling pppapi.c...
compiling tcpip.c...
compiling sys_arch.c...
compiling autoip.c...
compiling sockets.c...
compiling etharp.c...
compiling igmp.c...
compiling icmp.c...
compiling dhcp.c...
compiling ip_frag.c...
compiling ip4.c...
compiling ip4_addr.c...
compiling stm32f7xx_hal.c...
compiling system_stm32f7xx.c...
compiling stm32f7xx_hal_cortex.c...
compiling stm32f7xx_hal_crc_ex.c...
compiling stm32f7xx_hal_crc.c...
compiling stm32f7xx_hal_dma.c...
compiling stm32f7xx_hal_flash.c...
compiling stm32f7xx_hal_dma_ex.c...
compiling stm32f7xx_hal_eth.c...
compiling stm32f7xx_hal_flash_ex.c...
compiling stm32f7xx_hal_gpio.c...
compiling stm32f7xx_hal_tim.c...
compiling stm32f7xx_hal_tim_ex.c...
compiling stm32f7xx_hal_usart.c...
compiling stm32f7xx_hal_uart.c...
compiling stm32f7xx_hal_rcc_ex.c...
compiling stm32f7xx_hal_pwr.c...
assembling startup_stm32f746xx.s...
compiling stm32f7xx_hal_rcc.c...
compiling stm32f7xx_hal_pwr_ex.c...
compiling main.c...
compiling stm32f7xx_it.c...
compiling ethernetif.c...
compiling lcd.c...
compiling client_socket.c...
..\Src\client_socket.c(193): warning:  #167-D: argument of type "volatile struct user_id *" is incompatible with parameter of type "void *restrict"
                          memcpy(&User_ID,p,p[2]<<8|p[3]);
..\Src\client_socket.c(323): warning:  #550-D: variable "spo2_data" was set but never used
    tlv spo2_data,spo2_value,show_data,doctor_status,dev_id,user_id;
..\Src\client_socket.c(399): warning:  #550-D: variable "event" was set but never used
    osEvent event;
..\Src\client_socket.c: 3 warnings, 0 errors
compiling tlv.c...
compiling CPX_BOARD.c...
compiling app_cpx.c...
compiling app_spo2.c...
linking...
Program Size: Code=47216 RO-data=1396 RW-data=448 ZI-data=255168  
FromELF: creating hex file...
"STM327x6G_EVAL\192.168.0.9.hex" - 0 Error(s), 3 Warning(s).

<h2>Software Packages used:</h2>

Package Vendor: ARM
                http://www.keil.com/pack/ARM.CMSIS.4.5.0.pack
                ARM::CMSIS:CORE:4.3.0
                CMSIS (Cortex Microcontroller Software Interface Standard)
   * Component: CORE Version: 4.3.0

<h2>Collection of Component include folders:</h2>
  C:\GitHub-cornrn\CPX\runman\CPX-runman-master\MDK-ARM\RTE
  C:\Keil_v5\ARM\PACK\ARM\CMSIS\4.5.0\CMSIS\Include
  C:\Keil_v5\ARM\PACK\Keil\STM32F7xx_DFP\2.9.0\Drivers\CMSIS\Device\ST\STM32F7xx\Include

<h2>Collection of Component Files used:</h2>

   * Component: ARM::CMSIS:CORE:4.3.0
Build Time Elapsed:  00:00:33
</pre>
</body>
</html>
