<html>
<body>
<pre>
<h1>礦ision Build Log</h1>
<h2>Tool Versions:</h2>
IDE-Version: μVision V5.20.0.0
Copyright (C) 2016 ARM Ltd and ARM Germany GmbH. All rights reserved.
License Information: TI Microsoft, Microsoft, LIC=GMZ45-GM7LQ-M9SGG-VV8WT-L82HA-G3FD4
 
Tool Versions:
Toolchain:       MDK-ARM Plus  Version: 5.20
Toolchain Path:  C:\Keil_v5\ARM\ARMCC\Bin
C Compiler:      Armcc.exe V5.06 update 2 (build 183)
Assembler:       Armasm.exe V5.06 update 2 (build 183)
Linker/Locator:  ArmLink.exe V5.06 update 2 (build 183)
Library Manager: ArmAr.exe V5.06 update 2 (build 183)
Hex Converter:   FromElf.exe V5.06 update 2 (build 183)
CPU DLL:         SARMCM3.DLL V5.20
Dialog DLL:      DCM.DLL V1.13.7.0
Target DLL:      STLink\ST-LINKIII-KEIL_SWO.dll V2.0.18.0
Dialog DLL:      TCM.DLL V1.14.9.0
 
<h2>Project:</h2>
H:\__________________公司资料\LwIP_Socket_RTOS_3\MDK-ARM\Project.uvprojx
Project File Date:  07/18/2017

<h2>Output:</h2>
*** Using Compiler 'V5.06 update 2 (build 183)', folder: 'C:\Keil_v5\ARM\ARMCC\Bin'
Build target 'mCPX-V2.0'
compiling main.c...
compiling client_socket.c...
..\Src\client_socket.c(205): warning:  #167-D: argument of type "volatile struct user_id *" is incompatible with parameter of type "void *restrict"
                          memcpy(&User_ID,p,p[2]<<8|p[3]);
..\Src\client_socket.c(335): warning:  #550-D: variable "spo2_data" was set but never used
    tlv spo2_data,spo2_value,show_data,doctor_status,dev_id,user_id;
..\Src\client_socket.c(411): warning:  #550-D: variable "event" was set but never used
    osEvent event;
..\Src\client_socket.c: 3 warnings, 0 errors
linking...
Program Size: Code=47112 RO-data=1396 RW-data=448 ZI-data=255168  
FromELF: creating hex file...
"STM327x6G_EVAL\192.168.0.9" - 0 Error(s), 3 Warning(s).

<h2>Software Packages used:</h2>

Package Vendor: ARM
                http://www.keil.com/pack/ARM.CMSIS.5.0.0-Beta4.pack
                ARM::CMSIS:CORE:5.0.0
                CMSIS (Cortex Microcontroller Software Interface Standard)
   * Component: CORE Version: 5.0.0

<h2>Collection of Component include folders:</h2>
  H:\__________________公司资料\LwIP_Socket_RTOS_3\MDK-ARM\RTE
  C:\Keil_v5\ARM\PACK\ARM\CMSIS\5.0.0-Beta4\CMSIS\Include
  C:\Keil_v5\ARM\PACK\Keil\STM32F7xx_DFP\2.9.0\Drivers\CMSIS\Device\ST\STM32F7xx\Include

<h2>Collection of Component Files used:</h2>

   * Component: ARM::CMSIS:CORE:5.0.0
Build Time Elapsed:  00:00:12
</pre>
</body>
</html>
